Archive member included to satisfy reference by file (symbol)

c:/st/stm32cubeide_1.6.0/stm32cubeide/plugins/com.st.stm32cube.ide.mcu.externaltools.gnu-tools-for-stm32.9-2020-q2-update.win32_2.0.0.202105311346/tools/bin/../lib/gcc/arm-none-eabi/9.3.1/../../../../arm-none-eabi/lib/thumb/v7e-m+dp/hard\libc_nano.a(lib_a-assert.o)
                              ./Src/Audio.o (__assert_func)
c:/st/stm32cubeide_1.6.0/stm32cubeide/plugins/com.st.stm32cube.ide.mcu.externaltools.gnu-tools-for-stm32.9-2020-q2-update.win32_2.0.0.202105311346/tools/bin/../lib/gcc/arm-none-eabi/9.3.1/../../../../arm-none-eabi/lib/thumb/v7e-m+dp/hard\libc_nano.a(lib_a-atof.o)
                              ./Src/Commands.o (atof)
c:/st/stm32cubeide_1.6.0/stm32cubeide/plugins/com.st.stm32cube.ide.mcu.externaltools.gnu-tools-for-stm32.9-2020-q2-update.win32_2.0.0.202105311346/tools/bin/../lib/gcc/arm-none-eabi/9.3.1/../../../../arm-none-eabi/lib/thumb/v7e-m+dp/hard\libc_nano.a(lib_a-atoi.o)
                              ./Src/GPS.o (atoi)
c:/st/stm32cubeide_1.6.0/stm32cubeide/plugins/com.st.stm32cube.ide.mcu.externaltools.gnu-tools-for-stm32.9-2020-q2-update.win32_2.0.0.202105311346/tools/bin/../lib/gcc/arm-none-eabi/9.3.1/../../../../arm-none-eabi/lib/thumb/v7e-m+dp/hard\libc_nano.a(lib_a-atol.o)
                              ./Src/GPS.o (atol)
c:/st/stm32cubeide_1.6.0/stm32cubeide/plugins/com.st.stm32cube.ide.mcu.externaltools.gnu-tools-for-stm32.9-2020-q2-update.win32_2.0.0.202105311346/tools/bin/../lib/gcc/arm-none-eabi/9.3.1/../../../../arm-none-eabi/lib/thumb/v7e-m+dp/hard\libc_nano.a(lib_a-ctype_.o)
                              ./Src/Audio.o (_ctype_)
c:/st/stm32cubeide_1.6.0/stm32cubeide/plugins/com.st.stm32cube.ide.mcu.externaltools.gnu-tools-for-stm32.9-2020-q2-update.win32_2.0.0.202105311346/tools/bin/../lib/gcc/arm-none-eabi/9.3.1/../../../../arm-none-eabi/lib/thumb/v7e-m+dp/hard\libc_nano.a(lib_a-errno.o)
                              ./Src/Operators.o (__errno)
c:/st/stm32cubeide_1.6.0/stm32cubeide/plugins/com.st.stm32cube.ide.mcu.externaltools.gnu-tools-for-stm32.9-2020-q2-update.win32_2.0.0.202105311346/tools/bin/../lib/gcc/arm-none-eabi/9.3.1/../../../../arm-none-eabi/lib/thumb/v7e-m+dp/hard\libc_nano.a(lib_a-exit.o)
                              c:/st/stm32cubeide_1.6.0/stm32cubeide/plugins/com.st.stm32cube.ide.mcu.externaltools.gnu-tools-for-stm32.9-2020-q2-update.win32_2.0.0.202105311346/tools/bin/../lib/gcc/arm-none-eabi/9.3.1/../../../../arm-none-eabi/lib/thumb/v7e-m+dp/hard/crt0.o (exit)
c:/st/stm32cubeide_1.6.0/stm32cubeide/plugins/com.st.stm32cube.ide.mcu.externaltools.gnu-tools-for-stm32.9-2020-q2-update.win32_2.0.0.202105311346/tools/bin/../lib/gcc/arm-none-eabi/9.3.1/../../../../arm-none-eabi/lib/thumb/v7e-m+dp/hard\libc_nano.a(lib_a-fprintf.o)
                              c:/st/stm32cubeide_1.6.0/stm32cubeide/plugins/com.st.stm32cube.ide.mcu.externaltools.gnu-tools-for-stm32.9-2020-q2-update.win32_2.0.0.202105311346/tools/bin/../lib/gcc/arm-none-eabi/9.3.1/../../../../arm-none-eabi/lib/thumb/v7e-m+dp/hard\libc_nano.a(lib_a-assert.o) (fiprintf)
c:/st/stm32cubeide_1.6.0/stm32cubeide/plugins/com.st.stm32cube.ide.mcu.externaltools.gnu-tools-for-stm32.9-2020-q2-update.win32_2.0.0.202105311346/tools/bin/../lib/gcc/arm-none-eabi/9.3.1/../../../../arm-none-eabi/lib/thumb/v7e-m+dp/hard\libc_nano.a(lib_a-impure.o)
                              c:/st/stm32cubeide_1.6.0/stm32cubeide/plugins/com.st.stm32cube.ide.mcu.externaltools.gnu-tools-for-stm32.9-2020-q2-update.win32_2.0.0.202105311346/tools/bin/../lib/gcc/arm-none-eabi/9.3.1/../../../../arm-none-eabi/lib/thumb/v7e-m+dp/hard\libc_nano.a(lib_a-exit.o) (_global_impure_ptr)
c:/st/stm32cubeide_1.6.0/stm32cubeide/plugins/com.st.stm32cube.ide.mcu.externaltools.gnu-tools-for-stm32.9-2020-q2-update.win32_2.0.0.202105311346/tools/bin/../lib/gcc/arm-none-eabi/9.3.1/../../../../arm-none-eabi/lib/thumb/v7e-m+dp/hard\libc_nano.a(lib_a-init.o)
                              c:/st/stm32cubeide_1.6.0/stm32cubeide/plugins/com.st.stm32cube.ide.mcu.externaltools.gnu-tools-for-stm32.9-2020-q2-update.win32_2.0.0.202105311346/tools/bin/../lib/gcc/arm-none-eabi/9.3.1/../../../../arm-none-eabi/lib/thumb/v7e-m+dp/hard/crt0.o (__libc_init_array)
c:/st/stm32cubeide_1.6.0/stm32cubeide/plugins/com.st.stm32cube.ide.mcu.externaltools.gnu-tools-for-stm32.9-2020-q2-update.win32_2.0.0.202105311346/tools/bin/../lib/gcc/arm-none-eabi/9.3.1/../../../../arm-none-eabi/lib/thumb/v7e-m+dp/hard\libc_nano.a(lib_a-malloc.o)
                              ./Middlewares/ST/STM32_USB_Host_Library/Class/HID/Src/usbh_hid.o (malloc)
c:/st/stm32cubeide_1.6.0/stm32cubeide/plugins/com.st.stm32cube.ide.mcu.externaltools.gnu-tools-for-stm32.9-2020-q2-update.win32_2.0.0.202105311346/tools/bin/../lib/gcc/arm-none-eabi/9.3.1/../../../../arm-none-eabi/lib/thumb/v7e-m+dp/hard\libc_nano.a(lib_a-memcmp.o)
                              ./Src/Functions.o (memcmp)
[...]
Memory Configuration

Name             Origin             Length             Attributes
RAM_D1           0x0000000020000000 0x0000000000020000 xrw
DTCMRAM          0x0000000024000000 0x0000000000080000 xrw
RAM_D2           0x0000000030000000 0x0000000000048000 xrw
RAM_D3           0x0000000038000000 0x0000000000010000 xrw
ITCMRAM          0x0000000000000000 0x0000000000010000 xrw
FLASH            0x0000000008000000 0x0000000000200000 xr
*default*        0x0000000000000000 0xffffffffffffffff

Linker script and memory map

LOAD c:/st/stm32cubeide_1.6.0/stm32cubeide/plugins/com.st.stm32cube.ide.mcu.externaltools.gnu-tools-for-stm32.9-2020-q2-update.win32_2.0.0.202105311346/tools/bin/../lib/gcc/arm-none-eabi/9.3.1/thumb/v7e-m+dp/hard/crti.o
LOAD c:/st/stm32cubeide_1.6.0/stm32cubeide/plugins/com.st.stm32cube.ide.mcu.externaltools.gnu-tools-for-stm32.9-2020-q2-update.win32_2.0.0.202105311346/tools/bin/../lib/gcc/arm-none-eabi/9.3.1/thumb/v7e-m+dp/hard/crtbegin.o
LOAD c:/st/stm32cubeide_1.6.0/stm32cubeide/plugins/com.st.stm32cube.ide.mcu.externaltools.gnu-tools-for-stm32.9-2020-q2-update.win32_2.0.0.202105311346/tools/bin/../lib/gcc/arm-none-eabi/9.3.1/../../../../arm-none-eabi/lib/thumb/v7e-m+dp/hard/crt0.o
LOAD ./Drivers/STM32H7xx_HAL_Driver/Src/stm32h7xx_hal.o
LOAD ./Drivers/STM32H7xx_HAL_Driver/Src/stm32h7xx_hal_adc.o
LOAD ./Drivers/STM32H7xx_HAL_Driver/Src/stm32h7xx_hal_adc_ex.o
LOAD ./Drivers/STM32H7xx_HAL_Driver/Src/stm32h7xx_hal_cortex.o
LOAD ./Drivers/STM32H7xx_HAL_Driver/Src/stm32h7xx_hal_dac.o
LOAD ./Drivers/STM32H7xx_HAL_Driver/Src/stm32h7xx_hal_dac_ex.o
LOAD ./Drivers/STM32H7xx_HAL_Driver/Src/stm32h7xx_hal_dma.o
LOAD ./Drivers/STM32H7xx_HAL_Driver/Src/stm32h7xx_hal_dma2d.o
LOAD ./Drivers/STM32H7xx_HAL_Driver/Src/stm32h7xx_hal_dma_ex.o
LOAD ./Drivers/STM32H7xx_HAL_Driver/Src/stm32h7xx_hal_exti.o
LOAD ./Drivers/STM32H7xx_HAL_Driver/Src/stm32h7xx_hal_flash.o
LOAD ./Drivers/STM32H7xx_HAL_Driver/Src/stm32h7xx_hal_flash_ex.o
LOAD ./Drivers/STM32H7xx_HAL_Driver/Src/stm32h7xx_hal_gpio.o
LOAD ./Drivers/STM32H7xx_HAL_Driver/Src/stm32h7xx_hal_hcd.o
LOAD ./Drivers/STM32H7xx_HAL_Driver/Src/stm32h7xx_hal_hsem.o
LOAD ./Drivers/STM32H7xx_HAL_Driver/Src/stm32h7xx_hal_i2c.o
LOAD ./Drivers/STM32H7xx_HAL_Driver/Src/stm32h7xx_hal_i2c_ex.o
LOAD ./Drivers/STM32H7xx_HAL_Driver/Src/stm32h7xx_hal_iwdg.o
LOAD ./Drivers/STM32H7xx_HAL_Driver/Src/stm32h7xx_hal_jpeg.o
LOAD ./Drivers/STM32H7xx_HAL_Driver/Src/stm32h7xx_hal_ltdc.o
LOAD ./Drivers/STM32H7xx_HAL_Driver/Src/stm32h7xx_hal_ltdc_ex.o
LOAD ./Drivers/STM32H7xx_HAL_Driver/Src/stm32h7xx_hal_mdma.o
LOAD ./Drivers/STM32H7xx_HAL_Driver/Src/stm32h7xx_hal_pwr.o
LOAD ./Drivers/STM32H7xx_HAL_Driver/Src/stm32h7xx_hal_pwr_ex.o
LOAD ./Drivers/STM32H7xx_HAL_Driver/Src/stm32h7xx_hal_rcc.o
LOAD ./Drivers/STM32H7xx_HAL_Driver/Src/stm32h7xx_hal_rcc_ex.o
LOAD ./Drivers/STM32H7xx_HAL_Driver/Src/stm32h7xx_hal_rng.o
LOAD ./Drivers/STM32H7xx_HAL_Driver/Src/stm32h7xx_hal_rng_ex.o
LOAD ./Drivers/STM32H7xx_HAL_Driver/Src/stm32h7xx_hal_rtc.o
LOAD ./Drivers/STM32H7xx_HAL_Driver/Src/stm32h7xx_hal_rtc_ex.o
LOAD ./Drivers/STM32H7xx_HAL_Driver/Src/stm32h7xx_hal_sdram.o
LOAD ./Drivers/STM32H7xx_HAL_Driver/Src/stm32h7xx_hal_spi.o
LOAD ./Drivers/STM32H7xx_HAL_Driver/Src/stm32h7xx_hal_spi_ex.o
LOAD ./Drivers/STM32H7xx_HAL_Driver/Src/stm32h7xx_hal_tim.o
LOAD ./Drivers/STM32H7xx_HAL_Driver/Src/stm32h7xx_hal_tim_ex.o
LOAD ./Drivers/STM32H7xx_HAL_Driver/Src/stm32h7xx_hal_uart.o
LOAD ./Drivers/STM32H7xx_HAL_Driver/Src/stm32h7xx_hal_uart_ex.o
LOAD ./Drivers/STM32H7xx_HAL_Driver/Src/stm32h7xx_ll_fmc.o
LOAD ./Drivers/STM32H7xx_HAL_Driver/Src/stm32h7xx_ll_gpio.o
LOAD ./Drivers/STM32H7xx_HAL_Driver/Src/stm32h7xx_ll_usb.o
LOAD ./Middlewares/ST/STM32_USB_Host_Library/Class/HID/Src/usbh_hid.o
LOAD ./Middlewares/ST/STM32_USB_Host_Library/Class/HID/Src/usbh_hid_keybd.o
LOAD ./Middlewares/ST/STM32_USB_Host_Library/Class/HID/Src/usbh_hid_mouse.o
LOAD ./Middlewares/ST/STM32_USB_Host_Library/Class/HID/Src/usbh_hid_parser.o
LOAD ./Middlewares/ST/STM32_USB_Host_Library/Core/Src/usbh_core.o
LOAD ./Middlewares/ST/STM32_USB_Host_Library/Core/Src/usbh_ctlreq.o
LOAD ./Middlewares/ST/STM32_USB_Host_Library/Core/Src/usbh_ioreq.o
LOAD ./Middlewares/ST/STM32_USB_Host_Library/Core/Src/usbh_pipes.o
LOAD ./Src/Audio.o
LOAD ./Src/BmpDecoder.o
LOAD ./Src/CFunctions.o
LOAD ./Src/Commands.o
LOAD ./Src/Custom.o
LOAD ./Src/Draw.o
LOAD ./Src/Editor.o
LOAD ./Src/External.o
LOAD ./Src/FileIO.o
LOAD ./Src/Flash.o
LOAD ./Src/Functions.o
LOAD ./Src/GPS.o
LOAD ./Src/GUI.o
LOAD ./Src/I2C.o
LOAD ./Src/MATHS.o
LOAD ./Src/MMBasic.o
LOAD ./Src/MM_Custom.o
LOAD ./Src/MM_Misc.o
LOAD ./Src/Memory.o
LOAD ./Src/MiscSTM32.o
LOAD ./Src/Onewire.o
LOAD ./Src/Operators.o
LOAD ./Src/OtherDisplays.o
LOAD ./Src/PWM.o
LOAD ./Src/SPI-LCD.o
LOAD ./Src/SPI.o
LOAD ./Src/SSD1963.o
LOAD ./Src/Serial.o
LOAD ./Src/SerialFileIO.o
LOAD ./Src/Timers.o
LOAD ./Src/Touch.o
LOAD ./Src/XModem.o
LOAD ./Src/assember.o
LOAD ./Src/cJSON.o
LOAD ./Src/debug.o
LOAD ./Src/ff.o
LOAD ./Src/ffunicode.o
LOAD ./Src/hxcmod.o
LOAD ./Src/keyboard.o
LOAD ./Src/main.o
LOAD ./Src/mmc_stm32.o
LOAD ./Src/picojpeg.o
LOAD ./Src/reciter.o
LOAD ./Src/render.o
LOAD ./Src/sam.o
LOAD ./Src/sprites.o
LOAD ./Src/stm32h7xx_hal_msp.o
LOAD ./Src/stm32h7xx_it.o
LOAD ./Src/syscalls.o
LOAD ./Src/system_stm32h7xx.o
LOAD ./Src/turtle.o
LOAD ./Src/upng.o
LOAD ./Src/usb_host.o
LOAD ./Src/usbh_conf.o
LOAD ./Src/usbh_platform.o
LOAD ./startup/startup_stm32h743xx.o
START GROUP
LOAD c:/st/stm32cubeide_1.6.0/stm32cubeide/plugins/com.st.stm32cube.ide.mcu.externaltools.gnu-tools-for-stm32.9-2020-q2-update.win32_2.0.0.202105311346/tools/bin/../lib/gcc/arm-none-eabi/9.3.1/../../../../arm-none-eabi/lib/thumb/v7e-m+dp/hard\libc_nano.a
LOAD c:/st/stm32cubeide_1.6.0/stm32cubeide/plugins/com.st.stm32cube.ide.mcu.externaltools.gnu-tools-for-stm32.9-2020-q2-update.win32_2.0.0.202105311346/tools/bin/../lib/gcc/arm-none-eabi/9.3.1/../../../../arm-none-eabi/lib/thumb/v7e-m+dp/hard\libm.a
END GROUP
START GROUP
LOAD c:/st/stm32cubeide_1.6.0/stm32cubeide/plugins/com.st.stm32cube.ide.mcu.externaltools.gnu-tools-for-stm32.9-2020-q2-update.win32_2.0.0.202105311346/tools/bin/../lib/gcc/arm-none-eabi/9.3.1/thumb/v7e-m+dp/hard\libgcc.a
LOAD c:/st/stm32cubeide_1.6.0/stm32cubeide/plugins/com.st.stm32cube.ide.mcu.externaltools.gnu-tools-for-stm32.9-2020-q2-update.win32_2.0.0.202105311346/tools/bin/../lib/gcc/arm-none-eabi/9.3.1/../../../../arm-none-eabi/lib/thumb/v7e-m+dp/hard\libc_nano.a
END GROUP
START GROUP
LOAD c:/st/stm32cubeide_1.6.0/stm32cubeide/plugins/com.st.stm32cube.ide.mcu.externaltools.gnu-tools-for-stm32.9-2020-q2-update.win32_2.0.0.202105311346/tools/bin/../lib/gcc/arm-none-eabi/9.3.1/thumb/v7e-m+dp/hard\libgcc.a
LOAD c:/st/stm32cubeide_1.6.0/stm32cubeide/plugins/com.st.stm32cube.ide.mcu.externaltools.gnu-tools-for-stm32.9-2020-q2-update.win32_2.0.0.202105311346/tools/bin/../lib/gcc/arm-none-eabi/9.3.1/../../../../arm-none-eabi/lib/thumb/v7e-m+dp/hard\libc_nano.a
LOAD c:/st/stm32cubeide_1.6.0/stm32cubeide/plugins/com.st.stm32cube.ide.mcu.externaltools.gnu-tools-for-stm32.9-2020-q2-update.win32_2.0.0.202105311346/tools/bin/../lib/gcc/arm-none-eabi/9.3.1/../../../../arm-none-eabi/lib/thumb/v7e-m+dp/hard\libnosys.a
END GROUP
START GROUP
LOAD c:/st/stm32cubeide_1.6.0/stm32cubeide/plugins/com.st.stm32cube.ide.mcu.externaltools.gnu-tools-for-stm32.9-2020-q2-update.win32_2.0.0.202105311346/tools/bin/../lib/gcc/arm-none-eabi/9.3.1/thumb/v7e-m+dp/hard\libgcc.a
LOAD c:/st/stm32cubeide_1.6.0/stm32cubeide/plugins/com.st.stm32cube.ide.mcu.externaltools.gnu-tools-for-stm32.9-2020-q2-update.win32_2.0.0.202105311346/tools/bin/../lib/gcc/arm-none-eabi/9.3.1/../../../../arm-none-eabi/lib/thumb/v7e-m+dp/hard\libc_nano.a
LOAD c:/st/stm32cubeide_1.6.0/stm32cubeide/plugins/com.st.stm32cube.ide.mcu.externaltools.gnu-tools-for-stm32.9-2020-q2-update.win32_2.0.0.202105311346/tools/bin/../lib/gcc/arm-none-eabi/9.3.1/../../../../arm-none-eabi/lib/thumb/v7e-m+dp/hard\libnosys.a
END GROUP
LOAD c:/st/stm32cubeide_1.6.0/stm32cubeide/plugins/com.st.stm32cube.ide.mcu.externaltools.gnu-tools-for-stm32.9-2020-q2-update.win32_2.0.0.202105311346/tools/bin/../lib/gcc/arm-none-eabi/9.3.1/thumb/v7e-m+dp/hard/crtend.o
LOAD c:/st/stm32cubeide_1.6.0/stm32cubeide/plugins/com.st.stm32cube.ide.mcu.externaltools.gnu-tools-for-stm32.9-2020-q2-update.win32_2.0.0.202105311346/tools/bin/../lib/gcc/arm-none-eabi/9.3.1/thumb/v7e-m+dp/hard/crtn.o
                0x0000000020020000                _estack = 0x20020000
                0x0000000000000100                _Min_Heap_Size = 0x100
                0x0000000000000400                _Min_Stack_Size = 0x400

.isr_vector     0x0000000008000000      0x298
                0x0000000008000000                . = ALIGN (0x4)
 *(.isr_vector)
 .isr_vector    0x0000000008000000      0x298 ./startup/startup_stm32h743xx.o
                0x0000000008000000                g_pfnVectors
                0x0000000008000298                . = ALIGN (0x4)

.text           0x00000000080002a0    0xb33bc
                0x0000000000040000                . = 0x40000
 *fill*         0x00000000080002a0    0x40000 
                0x00000000080402a0                . = ALIGN (0x4)
 *(.cspace)
 .cspace        0x00000000080402a0       0xa8 ./Src/CFunctions.o
                0x00000000080402a0                CallTable
 *(.text)
 .text          0x0000000008040348       0x40 c:/st/stm32cubeide_1.6.0/stm32cubeide/plugins/com.st.stm32cube.ide.mcu.externaltools.gnu-tools-for-stm32.9-2020-q2-update.win32_2.0.0.202105311346/tools/bin/../lib/gcc/arm-none-eabi/9.3.1/thumb/v7e-m+dp/hard/crtbegin.o
 .text          0x0000000008040388       0x1c c:/st/stm32cubeide_1.6.0/stm32cubeide/plugins/com.st.stm32cube.ide.mcu.externaltools.gnu-tools-for-stm32.9-2020-q2-update.win32_2.0.0.202105311346/tools/bin/../lib/gcc/arm-none-eabi/9.3.1/../../../../arm-none-eabi/lib/thumb/v7e-m+dp/hard\libc_nano.a(lib_a-setjmp.o)
                0x0000000008040388                setjmp
                0x0000000008040394                longjmp
 .text          0x00000000080403a4       0x14 c:/st/stm32cubeide_1.6.0/stm32cubeide/plugins/com.st.stm32cube.ide.mcu.externaltools.gnu-tools-for-stm32.9-2020-q2-update.win32_2.0.0.202105311346/tools/bin/../lib/gcc/arm-none-eabi/9.3.1/../../../../arm-none-eabi/lib/thumb/v7e-m+dp/hard\libc_nano.a(lib_a-strcmp.o)
                0x00000000080403a4                strcmp
 .text          0x00000000080403b8       0x10 c:/st/stm32cubeide_1.6.0/stm32cubeide/plugins/com.st.stm32cube.ide.mcu.externaltools.gnu-tools-for-stm32.9-2020-q2-update.win32_2.0.0.202105311346/tools/bin/../lib/gcc/arm-none-eabi/9.3.1/../../../../arm-none-eabi/lib/thumb/v7e-m+dp/hard\libc_nano.a(lib_a-strlen.o)
                0x00000000080403b8                strlen
 *fill*         0x00000000080403c8        0x8 
 .text          0x00000000080403d0       0xa0 c:/st/stm32cubeide_1.6.0/stm32cubeide/plugins/com.st.stm32cube.ide.mcu.externaltools.gnu-tools-for-stm32.9-2020-q2-update.win32_2.0.0.202105311346/tools/bin/../lib/gcc/arm-none-eabi/9.3.1/../../../../arm-none-eabi/lib/thumb/v7e-m+dp/hard\libc_nano.a(lib_a-memchr.o)
                0x00000000080403d0                memchr
 .text          0x0000000008040470      0x378 c:/st/stm32cubeide_1.6.0/stm32cubeide/plugins/com.st.stm32cube.ide.mcu.externaltools.gnu-tools-for-stm32.9-2020-q2-update.win32_2.0.0.202105311346/tools/bin/../lib/gcc/arm-none-eabi/9.3.1/thumb/v7e-m+dp/hard\libgcc.a(_arm_addsubdf3.o)
                0x0000000008040470                __aeabi_drsub
                0x0000000008040478                __subdf3
                0x0000000008040478                __aeabi_dsub
                0x000000000804047c                __aeabi_dadd
                0x000000000804047c                __adddf3
                0x00000000080406f4                __floatunsidf
                0x00000000080406f4                __aeabi_ui2d
                0x0000000008040714                __aeabi_i2d
                0x0000000008040714                __floatsidf
                0x0000000008040738                __extendsfdf2
                0x0000000008040738                __aeabi_f2d
                0x000000000804077c                __floatundidf
                0x000000000804077c                __aeabi_ul2d
                0x000000000804078c                __aeabi_l2d
                0x000000000804078c                __floatdidf
 .text          0x00000000080407e8      0x21c c:/st/stm32cubeide_1.6.0/stm32cubeide/plugins/com.st.stm32cube.ide.mcu.externaltools.gnu-tools-for-stm32.9-2020-q2-update.win32_2.0.0.202105311346/tools/bin/../lib/gcc/arm-none-eabi/9.3.1/thumb/v7e-m+dp/hard\libgcc.a(_arm_addsubsf3.o)
                0x00000000080407e8                __aeabi_frsub
                0x00000000080407f0                __subsf3
                0x00000000080407f0                __aeabi_fsub
                0x00000000080407f4                __addsf3
                0x00000000080407f4                __aeabi_fadd
                0x0000000008040954                __aeabi_ui2f
                0x0000000008040954                __floatunsisf
                0x000000000804095c                __floatsisf
                0x000000000804095c                __aeabi_i2f
                0x0000000008040978                __aeabi_ul2f
                0x0000000008040978                __floatundisf
                0x0000000008040988                __aeabi_l2f
                0x0000000008040988                __floatdisf
 .text          0x0000000008040a04       0xa0 c:/st/stm32cubeide_1.6.0/stm32cubeide/plugins/com.st.stm32cube.ide.mcu.externaltools.gnu-tools-for-stm32.9-2020-q2-update.win32_2.0.0.202105311346/tools/bin/../lib/gcc/arm-none-eabi/9.3.1/thumb/v7e-m+dp/hard\libgcc.a(_aeabi_ldivmod.o)
                0x0000000008040a04                __aeabi_ldivmod
 .text          0x0000000008040aa4       0x30 c:/st/stm32cubeide_1.6.0/stm32cubeide/plugins/com.st.stm32cube.ide.mcu.externaltools.gnu-tools-for-stm32.9-2020-q2-update.win32_2.0.0.202105311346/tools/bin/../lib/gcc/arm-none-eabi/9.3.1/thumb/v7e-m+dp/hard\libgcc.a(_aeabi_uldivmod.o)
                0x0000000008040aa4                __aeabi_uldivmod
 .text          0x0000000008040ad4       0x30 c:/st/stm32cubeide_1.6.0/stm32cubeide/plugins/com.st.stm32cube.ide.mcu.externaltools.gnu-tools-for-stm32.9-2020-q2-update.win32_2.0.0.202105311346/tools/bin/../lib/gcc/arm-none-eabi/9.3.1/thumb/v7e-m+dp/hard\libgcc.a(_fixdfdi.o)
                0x0000000008040ad4                __aeabi_d2lz
                0x0000000008040ad4                __fixdfdi
 *fill*         0x0000000008040b04        0x4 
 .text          0x0000000008040b08       0x40 c:/st/stm32cubeide_1.6.0/stm32cubeide/plugins/com.st.stm32cube.ide.mcu.externaltools.gnu-tools-for-stm32.9-2020-q2-update.win32_2.0.0.202105311346/tools/bin/../lib/gcc/arm-none-eabi/9.3.1/thumb/v7e-m+dp/hard\libgcc.a(_fixunssfdi.o)
                0x0000000008040b08                __aeabi_f2ulz
                0x0000000008040b08                __fixunssfdi
 .text          0x0000000008040b48       0x40 c:/st/stm32cubeide_1.6.0/stm32cubeide/plugins/com.st.stm32cube.ide.mcu.externaltools.gnu-tools-for-stm32.9-2020-q2-update.win32_2.0.0.202105311346/tools/bin/../lib/gcc/arm-none-eabi/9.3.1/thumb/v7e-m+dp/hard\libgcc.a(_fixunsdfdi.o)
                0x0000000008040b48                __fixunsdfdi
                0x0000000008040b48                __aeabi_d2ulz
 .text          0x0000000008040b88      0x2c4 c:/st/stm32cubeide_1.6.0/stm32cubeide/plugins/com.st.stm32cube.ide.mcu.externaltools.gnu-tools-for-stm32.9-2020-q2-update.win32_2.0.0.202105311346/tools/bin/../lib/gcc/arm-none-eabi/9.3.1/thumb/v7e-m+dp/hard\libgcc.a(_udivmoddi4.o)
                0x0000000008040b88                __udivmoddi4
 .text          0x0000000008040e4c        0x4 c:/st/stm32cubeide_1.6.0/stm32cubeide/plugins/com.st.stm32cube.ide.mcu.externaltools.gnu-tools-for-stm32.9-2020-q2-update.win32_2.0.0.202105311346/tools/bin/../lib/gcc/arm-none-eabi/9.3.1/thumb/v7e-m+dp/hard\libgcc.a(_dvmd_tls.o)
                0x0000000008040e4c                __aeabi_idiv0
                0x0000000008040e4c                __aeabi_ldiv0
 *(.text*)
 .text.HAL_InitTick
                0x0000000008040e50       0x44 ./Drivers/STM32H7xx_HAL_Driver/Src/stm32h7xx_hal.o
                0x0000000008040e50                HAL_InitTick
 .text.HAL_Init
                0x0000000008040e94       0x60 ./Drivers/STM32H7xx_HAL_Driver/Src/stm32h7xx_hal.o
                0x0000000008040e94                HAL_Init
 .text.HAL_IncTick
                0x0000000008040ef4       0x18 ./Drivers/STM32H7xx_HAL_Driver/Src/stm32h7xx_hal.o
                0x0000000008040ef4                HAL_IncTick
 .text.HAL_GetTick
                0x0000000008040f0c        0xc ./Drivers/STM32H7xx_HAL_Driver/Src/stm32h7xx_hal.o
                0x0000000008040f0c                HAL_GetTick
 .text.HAL_Delay
                0x0000000008040f18       0x24 ./Drivers/STM32H7xx_HAL_Driver/Src/stm32h7xx_hal.o
                0x0000000008040f18                HAL_Delay
 .text.HAL_GetREVID
                0x0000000008040f3c        0xc ./Drivers/STM32H7xx_HAL_Driver/Src/stm32h7xx_hal.o
                0x0000000008040f3c                HAL_GetREVID
 .text.HAL_ADC_PollForConversion
                0x0000000008040f48      0x10c ./Drivers/STM32H7xx_HAL_Driver/Src/stm32h7xx_hal_adc.o
                0x0000000008040f48                HAL_ADC_PollForConversion
 .text.HAL_ADC_GetValue
                0x0000000008041054        0x8 ./Drivers/STM32H7xx_HAL_Driver/Src/stm32h7xx_hal_adc.o
                0x0000000008041054                HAL_ADC_GetValue
 .text.HAL_ADC_ConfigChannel
                0x000000000804105c      0x41c ./Drivers/STM32H7xx_HAL_Driver/Src/stm32h7xx_hal_adc.o
                0x000000000804105c                HAL_ADC_ConfigChannel
 .text.ADC_ConversionStop
                0x0000000008041478       0xf4 ./Drivers/STM32H7xx_HAL_Driver/Src/stm32h7xx_hal_adc.o
                0x0000000008041478                ADC_ConversionStop
 .text.ADC_Enable
                0x000000000804156c       0xa4 ./Drivers/STM32H7xx_HAL_Driver/Src/stm32h7xx_hal_adc.o
                0x000000000804156c                ADC_Enable
 .text.HAL_ADC_Start
                0x0000000008041610      0x100 ./Drivers/STM32H7xx_HAL_Driver/Src/stm32h7xx_hal_adc.o
                0x0000000008041610                HAL_ADC_Start
 .text.ADC_Disable
                0x0000000008041710       0x68 ./Drivers/STM32H7xx_HAL_Driver/Src/stm32h7xx_hal_adc.o
                0x0000000008041710                ADC_Disable
 .text.HAL_ADC_DeInit
                0x0000000008041778      0x1a8 ./Drivers/STM32H7xx_HAL_Driver/Src/stm32h7xx_hal_adc.o
                0x0000000008041778                HAL_ADC_DeInit
 .text.ADC_ConfigureBoostMode
                0x0000000008041920      0x188 ./Drivers/STM32H7xx_HAL_Driver/Src/stm32h7xx_hal_adc.o
                0x0000000008041920                ADC_ConfigureBoostMode
 .text.HAL_ADC_Init
                0x0000000008041aa8      0x218 ./Drivers/STM32H7xx_HAL_Driver/Src/stm32h7xx_hal_adc.o
                0x0000000008041aa8                HAL_ADC_Init
 .text.HAL_ADCEx_Calibration_Start
                0x0000000008041cc0       0xa4 ./Drivers/STM32H7xx_HAL_Driver/Src/stm32h7xx_hal_adc_ex.o
                0x0000000008041cc0                HAL_ADCEx_Calibration_Start
 .text.HAL_NVIC_SetPriorityGrouping
                0x0000000008041d64       0x28 ./Drivers/STM32H7xx_HAL_Driver/Src/stm32h7xx_hal_cortex.o
                0x0000000008041d64                HAL_NVIC_SetPriorityGrouping
 .text.HAL_NVIC_SetPriority
                0x0000000008041d8c       0x74 ./Drivers/STM32H7xx_HAL_Driver/Src/stm32h7xx_hal_cortex.o
                0x0000000008041d8c                HAL_NVIC_SetPriority
 .text.HAL_NVIC_EnableIRQ
                0x0000000008041e00       0x1c ./Drivers/STM32H7xx_HAL_Driver/Src/stm32h7xx_hal_cortex.o
                0x0000000008041e00                HAL_NVIC_EnableIRQ
 .text.HAL_NVIC_DisableIRQ
                0x0000000008041e1c       0x28 ./Drivers/STM32H7xx_HAL_Driver/Src/stm32h7xx_hal_cortex.o
                0x0000000008041e1c                HAL_NVIC_DisableIRQ
 .text.HAL_SYSTICK_Config
                0x0000000008041e44       0x30 ./Drivers/STM32H7xx_HAL_Driver/Src/stm32h7xx_hal_cortex.o
                0x0000000008041e44                HAL_SYSTICK_Config
 .text.HAL_SYSTICK_CLKSourceConfig
                0x0000000008041e74       0x18 ./Drivers/STM32H7xx_HAL_Driver/Src/stm32h7xx_hal_cortex.o
                0x0000000008041e74                HAL_SYSTICK_CLKSourceConfig
 .text.HAL_SYSTICK_Callback
                0x0000000008041e8c        0x4 ./Drivers/STM32H7xx_HAL_Driver/Src/stm32h7xx_hal_cortex.o
                0x0000000008041e8c                HAL_SYSTICK_Callback
 .text.HAL_SYSTICK_IRQHandler
                0x0000000008041e90        0x8 ./Drivers/STM32H7xx_HAL_Driver/Src/stm32h7xx_hal_cortex.o
                0x0000000008041e90                HAL_SYSTICK_IRQHandler
 .text.HAL_DAC_Init
                0x0000000008041e98       0x2c ./Drivers/STM32H7xx_HAL_Driver/Src/stm32h7xx_hal_dac.o
                0x0000000008041e98                HAL_DAC_Init
 .text.HAL_DAC_Start
                0x0000000008041ec4       0x58 ./Drivers/STM32H7xx_HAL_Driver/Src/stm32h7xx_hal_dac.o
                0x0000000008041ec4                HAL_DAC_Start
 .text.HAL_DAC_SetValue
                0x0000000008041f1c       0x30 ./Drivers/STM32H7xx_HAL_Driver/Src/stm32h7xx_hal_dac.o
                0x0000000008041f1c                HAL_DAC_SetValue
 .text.HAL_DAC_DMAUnderrunCallbackCh1
                0x0000000008041f4c        0x4 ./Drivers/STM32H7xx_HAL_Driver/Src/stm32h7xx_hal_dac.o
                0x0000000008041f4c                HAL_DAC_DMAUnderrunCallbackCh1
 .text.HAL_DAC_IRQHandler
                0x0000000008041f50       0x64 ./Drivers/STM32H7xx_HAL_Driver/Src/stm32h7xx_hal_dac.o
                0x0000000008041f50                HAL_DAC_IRQHandler
 .text.HAL_DAC_ConfigChannel
                0x0000000008041fb4      0x154 ./Drivers/STM32H7xx_HAL_Driver/Src/stm32h7xx_hal_dac.o
                0x0000000008041fb4                HAL_DAC_ConfigChannel
 .text.HAL_DACEx_DualSetValue
                0x0000000008042108       0x18 ./Drivers/STM32H7xx_HAL_Driver/Src/stm32h7xx_hal_dac_ex.o
                0x0000000008042108                HAL_DACEx_DualSetValue
 .text.HAL_DACEx_DMAUnderrunCallbackCh2
                0x0000000008042120        0x4 ./Drivers/STM32H7xx_HAL_Driver/Src/stm32h7xx_hal_dac_ex.o
                0x0000000008042120                HAL_DACEx_DMAUnderrunCallbackCh2
 .text.HAL_FLASH_EndOfOperationCallback
                0x0000000008042124        0x4 ./Drivers/STM32H7xx_HAL_Driver/Src/stm32h7xx_hal_flash.o
                0x0000000008042124                HAL_FLASH_EndOfOperationCallback
 .text.HAL_FLASH_OperationErrorCallback
                0x0000000008042128        0x4 ./Drivers/STM32H7xx_HAL_Driver/Src/stm32h7xx_hal_flash.o
                0x0000000008042128                HAL_FLASH_OperationErrorCallback
 .text.HAL_FLASH_IRQHandler
                0x000000000804212c      0x1dc ./Drivers/STM32H7xx_HAL_Driver/Src/stm32h7xx_hal_flash.o
                0x000000000804212c                HAL_FLASH_IRQHandler
 .text.HAL_FLASH_Unlock
                0x0000000008042308       0x4c ./Drivers/STM32H7xx_HAL_Driver/Src/stm32h7xx_hal_flash.o
                0x0000000008042308                HAL_FLASH_Unlock
 .text.FLASH_WaitForLastOperation
                0x0000000008042354       0xdc ./Drivers/STM32H7xx_HAL_Driver/Src/stm32h7xx_hal_flash.o
                0x0000000008042354                FLASH_WaitForLastOperation
 .text.HAL_FLASH_Program
                0x0000000008042430       0xc4 ./Drivers/STM32H7xx_HAL_Driver/Src/stm32h7xx_hal_flash.o
                0x0000000008042430                HAL_FLASH_Program
 .text.FLASH_MassErase
                0x00000000080424f4       0x84 ./Drivers/STM32H7xx_HAL_Driver/Src/stm32h7xx_hal_flash_ex.o
 .text.FLASH_Erase_Sector
                0x0000000008042578       0x4c ./Drivers/STM32H7xx_HAL_Driver/Src/stm32h7xx_hal_flash_ex.o
                0x0000000008042578                FLASH_Erase_Sector
 .text.HAL_FLASHEx_Erase_IT
                0x00000000080425c4       0xe4 ./Drivers/STM32H7xx_HAL_Driver/Src/stm32h7xx_hal_flash_ex.o
                0x00000000080425c4                HAL_FLASHEx_Erase_IT
 .text.HAL_GPIO_Init
                0x00000000080426a8      0x23c ./Drivers/STM32H7xx_HAL_Driver/Src/stm32h7xx_hal_gpio.o
                0x00000000080426a8                HAL_GPIO_Init
 .text.HAL_GPIO_DeInit
                0x00000000080428e4      0x19c ./Drivers/STM32H7xx_HAL_Driver/Src/stm32h7xx_hal_gpio.o
                0x00000000080428e4                HAL_GPIO_DeInit
 .text.HAL_GPIO_ReadPin
                0x0000000008042a80        0xc ./Drivers/STM32H7xx_HAL_Driver/Src/stm32h7xx_hal_gpio.o
                0x0000000008042a80                HAL_GPIO_ReadPin
 .text.HAL_GPIO_WritePin
                0x0000000008042a8c        0x8 ./Drivers/STM32H7xx_HAL_Driver/Src/stm32h7xx_hal_gpio.o
                0x0000000008042a8c                HAL_GPIO_WritePin
 .text.HAL_GPIO_EXTI_IRQHandler
                0x0000000008042a94       0x1c ./Drivers/STM32H7xx_HAL_Driver/Src/stm32h7xx_hal_gpio.o
                0x0000000008042a94                HAL_GPIO_EXTI_IRQHandler
 .text.HAL_HCD_HC_Init
                0x0000000008042ab0       0x78 ./Drivers/STM32H7xx_HAL_Driver/Src/stm32h7xx_hal_hcd.o
                0x0000000008042ab0                HAL_HCD_HC_Init
 .text.HAL_HCD_HC_Halt
                0x0000000008042b28       0x24 ./Drivers/STM32H7xx_HAL_Driver/Src/stm32h7xx_hal_hcd.o
                0x0000000008042b28                HAL_HCD_HC_Halt
 .text.HAL_HCD_Init
                0x0000000008042b4c       0x9c ./Drivers/STM32H7xx_HAL_Driver/Src/stm32h7xx_hal_hcd.o
                0x0000000008042b4c                HAL_HCD_Init
 .text.HAL_HCD_HC_SubmitRequest
                0x0000000008042be8       0xec ./Drivers/STM32H7xx_HAL_Driver/Src/stm32h7xx_hal_hcd.o
                0x0000000008042be8                HAL_HCD_HC_SubmitRequest
 .text.HAL_HCD_IRQHandler
                0x0000000008042cd4      0x8bc ./Drivers/STM32H7xx_HAL_Driver/Src/stm32h7xx_hal_hcd.o
                0x0000000008042cd4                HAL_HCD_IRQHandler
 .text.HAL_HCD_Start
                0x0000000008043590       0x2c ./Drivers/STM32H7xx_HAL_Driver/Src/stm32h7xx_hal_hcd.o
                0x0000000008043590                HAL_HCD_Start
 .text.HAL_HCD_Stop
                0x00000000080435bc       0x24 ./Drivers/STM32H7xx_HAL_Driver/Src/stm32h7xx_hal_hcd.o
                0x00000000080435bc                HAL_HCD_Stop
 .text.HAL_HCD_ResetPort
                0x00000000080435e0        0x8 ./Drivers/STM32H7xx_HAL_Driver/Src/stm32h7xx_hal_hcd.o
                0x00000000080435e0                HAL_HCD_ResetPort
 .text.HAL_HCD_HC_GetURBState
                0x00000000080435e8       0x10 ./Drivers/STM32H7xx_HAL_Driver/Src/stm32h7xx_hal_hcd.o
                0x00000000080435e8                HAL_HCD_HC_GetURBState
 .text.HAL_HCD_HC_GetXferCount
                0x00000000080435f8        0xc ./Drivers/STM32H7xx_HAL_Driver/Src/stm32h7xx_hal_hcd.o
                0x00000000080435f8                HAL_HCD_HC_GetXferCount
 .text.HAL_HCD_GetCurrentFrame
                0x0000000008043604        0x8 ./Drivers/STM32H7xx_HAL_Driver/Src/stm32h7xx_hal_hcd.o
                0x0000000008043604                HAL_HCD_GetCurrentFrame
 .text.HAL_HCD_GetCurrentSpeed
                0x000000000804360c        0x8 ./Drivers/STM32H7xx_HAL_Driver/Src/stm32h7xx_hal_hcd.o
                0x000000000804360c                HAL_HCD_GetCurrentSpeed
 .text.I2C_WaitOnFlagUntilTimeout
                0x0000000008043614       0x5c ./Drivers/STM32H7xx_HAL_Driver/Src/stm32h7xx_hal_i2c.o
 .text.I2C_IsAcknowledgeFailed.part.0
                0x0000000008043670       0x88 ./Drivers/STM32H7xx_HAL_Driver/Src/stm32h7xx_hal_i2c.o
 .text.I2C_WaitOnRXNEFlagUntilTimeout
                0x00000000080436f8       0x88 ./Drivers/STM32H7xx_HAL_Driver/Src/stm32h7xx_hal_i2c.o
 .text.I2C_WaitOnSTOPFlagUntilTimeout
                0x0000000008043780       0x54 ./Drivers/STM32H7xx_HAL_Driver/Src/stm32h7xx_hal_i2c.o
 .text.I2C_WaitOnTXISFlagUntilTimeout
                0x00000000080437d4       0x58 ./Drivers/STM32H7xx_HAL_Driver/Src/stm32h7xx_hal_i2c.o
 .text.HAL_I2C_Init
                0x000000000804382c       0xa8 ./Drivers/STM32H7xx_HAL_Driver/Src/stm32h7xx_hal_i2c.o
                0x000000000804382c                HAL_I2C_Init
 .text.HAL_I2C_DeInit
                0x00000000080438d4       0x34 ./Drivers/STM32H7xx_HAL_Driver/Src/stm32h7xx_hal_i2c.o
                0x00000000080438d4                HAL_I2C_DeInit
 .text.HAL_I2C_Master_Transmit
                0x0000000008043908      0x198 ./Drivers/STM32H7xx_HAL_Driver/Src/stm32h7xx_hal_i2c.o
                0x0000000008043908                HAL_I2C_Master_Transmit
 .text.HAL_I2C_Master_Receive
                0x0000000008043aa0      0x198 ./Drivers/STM32H7xx_HAL_Driver/Src/stm32h7xx_hal_i2c.o
                0x0000000008043aa0                HAL_I2C_Master_Receive
 .text.HAL_I2C_IsDeviceReady
                0x0000000008043c38      0x14c ./Drivers/STM32H7xx_HAL_Driver/Src/stm32h7xx_hal_i2c.o
                0x0000000008043c38                HAL_I2C_IsDeviceReady
 .text.HAL_I2CEx_ConfigAnalogFilter
                0x0000000008043d84       0x58 ./Drivers/STM32H7xx_HAL_Driver/Src/stm32h7xx_hal_i2c_ex.o
                0x0000000008043d84                HAL_I2CEx_ConfigAnalogFilter
 .text.HAL_I2CEx_ConfigDigitalFilter
                0x0000000008043ddc       0x54 ./Drivers/STM32H7xx_HAL_Driver/Src/stm32h7xx_hal_i2c_ex.o
                0x0000000008043ddc                HAL_I2CEx_ConfigDigitalFilter
 .text.HAL_I2CEx_EnableFastModePlus
                0x0000000008043e30       0x38 ./Drivers/STM32H7xx_HAL_Driver/Src/stm32h7xx_hal_i2c_ex.o
                0x0000000008043e30                HAL_I2CEx_EnableFastModePlus
 .text.HAL_PWR_EnableBkUpAccess
                0x0000000008043e68       0x10 ./Drivers/STM32H7xx_HAL_Driver/Src/stm32h7xx_hal_pwr.o
                0x0000000008043e68                HAL_PWR_EnableBkUpAccess
 .text.HAL_PWREx_ConfigSupply
                0x0000000008043e78       0x4c ./Drivers/STM32H7xx_HAL_Driver/Src/stm32h7xx_hal_pwr_ex.o
                0x0000000008043e78                HAL_PWREx_ConfigSupply
 .text.HAL_PWREx_EnableBkUpReg
                0x0000000008043ec4       0x34 ./Drivers/STM32H7xx_HAL_Driver/Src/stm32h7xx_hal_pwr_ex.o
                0x0000000008043ec4                HAL_PWREx_EnableBkUpReg
 .text.HAL_PWREx_EnableUSBVoltageDetector
                0x0000000008043ef8       0x10 ./Drivers/STM32H7xx_HAL_Driver/Src/stm32h7xx_hal_pwr_ex.o
                0x0000000008043ef8                HAL_PWREx_EnableUSBVoltageDetector
 .text.HAL_RCC_DeInit
                0x0000000008043f08      0x1a4 ./Drivers/STM32H7xx_HAL_Driver/Src/stm32h7xx_hal_rcc.o
                0x0000000008043f08                HAL_RCC_DeInit
 .text.HAL_RCC_OscConfig
                0x00000000080440ac      0x5ec ./Drivers/STM32H7xx_HAL_Driver/Src/stm32h7xx_hal_rcc.o
                0x00000000080440ac                HAL_RCC_OscConfig
 .text.HAL_RCC_MCOConfig
                0x0000000008044698       0xa4 ./Drivers/STM32H7xx_HAL_Driver/Src/stm32h7xx_hal_rcc.o
                0x0000000008044698                HAL_RCC_MCOConfig
 .text.HAL_RCC_GetSysClockFreq
                0x000000000804473c      0x140 ./Drivers/STM32H7xx_HAL_Driver/Src/stm32h7xx_hal_rcc.o
                0x000000000804473c                HAL_RCC_GetSysClockFreq
 .text.HAL_RCC_ClockConfig
                0x000000000804487c      0x254 ./Drivers/STM32H7xx_HAL_Driver/Src/stm32h7xx_hal_rcc.o
                0x000000000804487c                HAL_RCC_ClockConfig
 .text.HAL_RCC_GetHCLKFreq
                0x0000000008044ad0       0x44 ./Drivers/STM32H7xx_HAL_Driver/Src/stm32h7xx_hal_rcc.o
                0x0000000008044ad0                HAL_RCC_GetHCLKFreq
 .text.HAL_RCC_GetPCLK1Freq
                0x0000000008044b14       0x24 ./Drivers/STM32H7xx_HAL_Driver/Src/stm32h7xx_hal_rcc.o
                0x0000000008044b14                HAL_RCC_GetPCLK1Freq
 .text.HAL_RCC_GetPCLK2Freq
                0x0000000008044b38       0x24 ./Drivers/STM32H7xx_HAL_Driver/Src/stm32h7xx_hal_rcc.o
                0x0000000008044b38                HAL_RCC_GetPCLK2Freq
 .text.RCCEx_PLL3_Config
                0x0000000008044b5c       0xf8 ./Drivers/STM32H7xx_HAL_Driver/Src/stm32h7xx_hal_rcc_ex.o
 .text.RCCEx_PLL2_Config
                0x0000000008044c54       0xf8 ./Drivers/STM32H7xx_HAL_Driver/Src/stm32h7xx_hal_rcc_ex.o
 .text.HAL_RCCEx_PeriphCLKConfig
                0x0000000008044d4c      0xa98 ./Drivers/STM32H7xx_HAL_Driver/Src/stm32h7xx_hal_rcc_ex.o
                0x0000000008044d4c                HAL_RCCEx_PeriphCLKConfig
 .text.HAL_RCCEx_GetD3PCLK1Freq
                0x00000000080457e4       0x24 ./Drivers/STM32H7xx_HAL_Driver/Src/stm32h7xx_hal_rcc_ex.o
                0x00000000080457e4                HAL_RCCEx_GetD3PCLK1Freq
 .text.HAL_RCCEx_GetPLL2ClockFreq
                0x0000000008045808      0x158 ./Drivers/STM32H7xx_HAL_Driver/Src/stm32h7xx_hal_rcc_ex.o
                0x0000000008045808                HAL_RCCEx_GetPLL2ClockFreq
 .text.HAL_RCCEx_GetPLL3ClockFreq
                0x0000000008045960      0x158 ./Drivers/STM32H7xx_HAL_Driver/Src/stm32h7xx_hal_rcc_ex.o
                0x0000000008045960                HAL_RCCEx_GetPLL3ClockFreq
 .text.HAL_RCCEx_GetPLL1ClockFreq
                0x0000000008045ab8      0x158 ./Drivers/STM32H7xx_HAL_Driver/Src/stm32h7xx_hal_rcc_ex.o
                0x0000000008045ab8                HAL_RCCEx_GetPLL1ClockFreq
 .text.HAL_RCCEx_GetPeriphCLKFreq
                0x0000000008045c10      0x220 ./Drivers/STM32H7xx_HAL_Driver/Src/stm32h7xx_hal_rcc_ex.o
                0x0000000008045c10                HAL_RCCEx_GetPeriphCLKFreq
 .text.HAL_RNG_Init
                0x0000000008045e30       0x78 ./Drivers/STM32H7xx_HAL_Driver/Src/stm32h7xx_hal_rng.o
                0x0000000008045e30                HAL_RNG_Init
 .text.HAL_RNG_GenerateRandomNumber
                0x0000000008045ea8       0x74 ./Drivers/STM32H7xx_HAL_Driver/Src/stm32h7xx_hal_rng.o
                0x0000000008045ea8                HAL_RNG_GenerateRandomNumber
 .text.HAL_RTC_GetTime
                0x0000000008045f1c       0x68 ./Drivers/STM32H7xx_HAL_Driver/Src/stm32h7xx_hal_rtc.o
                0x0000000008045f1c                HAL_RTC_GetTime
 .text.HAL_RTC_GetDate
                0x0000000008045f84       0x5c ./Drivers/STM32H7xx_HAL_Driver/Src/stm32h7xx_hal_rtc.o
                0x0000000008045f84                HAL_RTC_GetDate
 .text.HAL_RTC_WaitForSynchro
                0x0000000008045fe0       0x34 ./Drivers/STM32H7xx_HAL_Driver/Src/stm32h7xx_hal_rtc.o
                0x0000000008045fe0                HAL_RTC_WaitForSynchro
 .text.RTC_EnterInitMode
                0x0000000008046014       0x40 ./Drivers/STM32H7xx_HAL_Driver/Src/stm32h7xx_hal_rtc.o
                0x0000000008046014                RTC_EnterInitMode
 .text.RTC_ExitInitMode
                0x0000000008046054       0x4c ./Drivers/STM32H7xx_HAL_Driver/Src/stm32h7xx_hal_rtc.o
                0x0000000008046054                RTC_ExitInitMode
 .text.HAL_RTC_SetDate
                0x00000000080460a0       0xf4 ./Drivers/STM32H7xx_HAL_Driver/Src/stm32h7xx_hal_rtc.o
                0x00000000080460a0                HAL_RTC_SetDate
 .text.HAL_RTC_SetTime
                0x0000000008046194      0x104 ./Drivers/STM32H7xx_HAL_Driver/Src/stm32h7xx_hal_rtc.o
                0x0000000008046194                HAL_RTC_SetTime
 .text.HAL_RTC_Init
                0x0000000008046298       0x98 ./Drivers/STM32H7xx_HAL_Driver/Src/stm32h7xx_hal_rtc.o
                0x0000000008046298                HAL_RTC_Init
 .text.HAL_RTCEx_BKUPWrite
                0x0000000008046330        0xc ./Drivers/STM32H7xx_HAL_Driver/Src/stm32h7xx_hal_rtc_ex.o
                0x0000000008046330                HAL_RTCEx_BKUPWrite
 .text.HAL_RTCEx_BKUPRead
                0x000000000804633c        0xc ./Drivers/STM32H7xx_HAL_Driver/Src/stm32h7xx_hal_rtc_ex.o
                0x000000000804633c                HAL_RTCEx_BKUPRead
 .text.HAL_RTCEx_SetSmoothCalib
                0x0000000008046348       0x98 ./Drivers/STM32H7xx_HAL_Driver/Src/stm32h7xx_hal_rtc_ex.o
                0x0000000008046348                HAL_RTCEx_SetSmoothCalib
 .text.SPI_CloseTransfer
                0x00000000080463e0       0xb8 ./Drivers/STM32H7xx_HAL_Driver/Src/stm32h7xx_hal_spi.o
 .text.HAL_SPI_Init
                0x0000000008046498      0x158 ./Drivers/STM32H7xx_HAL_Driver/Src/stm32h7xx_hal_spi.o
                0x0000000008046498                HAL_SPI_Init
 .text.HAL_SPI_DeInit
                0x00000000080465f0       0x30 ./Drivers/STM32H7xx_HAL_Driver/Src/stm32h7xx_hal_spi.o
                0x00000000080465f0                HAL_SPI_DeInit
 .text.HAL_SPI_Transmit
                0x0000000008046620      0x288 ./Drivers/STM32H7xx_HAL_Driver/Src/stm32h7xx_hal_spi.o
                0x0000000008046620                HAL_SPI_Transmit
 .text.HAL_SPI_TransmitReceive
                0x00000000080468a8      0x388 ./Drivers/STM32H7xx_HAL_Driver/Src/stm32h7xx_hal_spi.o
                0x00000000080468a8                HAL_SPI_TransmitReceive
 .text.HAL_SPI_Receive
                0x0000000008046c30      0x274 ./Drivers/STM32H7xx_HAL_Driver/Src/stm32h7xx_hal_spi.o
                0x0000000008046c30                HAL_SPI_Receive
 .text.TIM_OC1_SetConfig
                0x0000000008046ea4       0x80 ./Drivers/STM32H7xx_HAL_Driver/Src/stm32h7xx_hal_tim.o
 .text.TIM_OC3_SetConfig
                0x0000000008046f24       0x84 ./Drivers/STM32H7xx_HAL_Driver/Src/stm32h7xx_hal_tim.o
 .text.TIM_OC4_SetConfig
                0x0000000008046fa8       0x68 ./Drivers/STM32H7xx_HAL_Driver/Src/stm32h7xx_hal_tim.o
 .text.TIM_OC5_SetConfig
                0x0000000008047010       0x68 ./Drivers/STM32H7xx_HAL_Driver/Src/stm32h7xx_hal_tim.o
 .text.TIM_OC6_SetConfig
                0x0000000008047078       0x68 ./Drivers/STM32H7xx_HAL_Driver/Src/stm32h7xx_hal_tim.o
 .text.HAL_TIM_Base_DeInit
                0x00000000080470e0       0x68 ./Drivers/STM32H7xx_HAL_Driver/Src/stm32h7xx_hal_tim.o
                0x00000000080470e0                HAL_TIM_Base_DeInit
 .text.HAL_TIM_Base_Start
                0x0000000008047148       0x38 ./Drivers/STM32H7xx_HAL_Driver/Src/stm32h7xx_hal_tim.o
                0x0000000008047148                HAL_TIM_Base_Start
 .text.HAL_TIM_Base_Stop
                0x0000000008047180       0x2c ./Drivers/STM32H7xx_HAL_Driver/Src/stm32h7xx_hal_tim.o
                0x0000000008047180                HAL_TIM_Base_Stop
 .text.HAL_TIM_Base_Start_IT
                0x00000000080471ac       0x40 ./Drivers/STM32H7xx_HAL_Driver/Src/stm32h7xx_hal_tim.o
                0x00000000080471ac                HAL_TIM_Base_Start_IT
 .text.HAL_TIM_Base_Stop_IT
                0x00000000080471ec       0x38 ./Drivers/STM32H7xx_HAL_Driver/Src/stm32h7xx_hal_tim.o
                0x00000000080471ec                HAL_TIM_Base_Stop_IT
 .text.HAL_TIM_OC_Start
                0x0000000008047224      0x104 ./Drivers/STM32H7xx_HAL_Driver/Src/stm32h7xx_hal_tim.o
                0x0000000008047224                HAL_TIM_OC_Start
 .text.HAL_TIM_OC_Stop
                0x0000000008047328       0xdc ./Drivers/STM32H7xx_HAL_Driver/Src/stm32h7xx_hal_tim.o
                0x0000000008047328                HAL_TIM_OC_Stop
 .text.HAL_TIM_PWM_MspInit
                0x0000000008047404        0x4 ./Drivers/STM32H7xx_HAL_Driver/Src/stm32h7xx_hal_tim.o
                0x0000000008047404                HAL_TIM_PWM_MspInit
 .text.HAL_TIM_PWM_Start
                0x0000000008047408        0x4 ./Drivers/STM32H7xx_HAL_Driver/Src/stm32h7xx_hal_tim.o
                0x0000000008047408                HAL_TIM_PWM_Start
 .text.HAL_TIM_PWM_Stop
                0x000000000804740c        0x4 ./Drivers/STM32H7xx_HAL_Driver/Src/stm32h7xx_hal_tim.o
                0x000000000804740c                HAL_TIM_PWM_Stop
 .text.HAL_TIM_ConfigClockSource
                0x0000000008047410      0x17c ./Drivers/STM32H7xx_HAL_Driver/Src/stm32h7xx_hal_tim.o
                0x0000000008047410                HAL_TIM_ConfigClockSource
 .text.HAL_TIM_PeriodElapsedCallback
                0x000000000804758c        0x4 ./Drivers/STM32H7xx_HAL_Driver/Src/stm32h7xx_hal_tim.o
                0x000000000804758c                HAL_TIM_PeriodElapsedCallback
 .text.HAL_TIM_OC_DelayElapsedCallback
                0x0000000008047590        0x4 ./Drivers/STM32H7xx_HAL_Driver/Src/stm32h7xx_hal_tim.o
                0x0000000008047590                HAL_TIM_OC_DelayElapsedCallback
 .text.HAL_TIM_IC_CaptureCallback
                0x0000000008047594        0x4 ./Drivers/STM32H7xx_HAL_Driver/Src/stm32h7xx_hal_tim.o
                0x0000000008047594                HAL_TIM_IC_CaptureCallback
 .text.HAL_TIM_PWM_PulseFinishedCallback
                0x0000000008047598        0x4 ./Drivers/STM32H7xx_HAL_Driver/Src/stm32h7xx_hal_tim.o
                0x0000000008047598                HAL_TIM_PWM_PulseFinishedCallback
 .text.HAL_TIM_TriggerCallback
                0x000000000804759c        0x4 ./Drivers/STM32H7xx_HAL_Driver/Src/stm32h7xx_hal_tim.o
                0x000000000804759c                HAL_TIM_TriggerCallback
 .text.HAL_TIM_IRQHandler
                0x00000000080475a0      0x164 ./Drivers/STM32H7xx_HAL_Driver/Src/stm32h7xx_hal_tim.o
                0x00000000080475a0                HAL_TIM_IRQHandler
 .text.TIM_Base_SetConfig
                0x0000000008047704      0x108 ./Drivers/STM32H7xx_HAL_Driver/Src/stm32h7xx_hal_tim.o
                0x0000000008047704                TIM_Base_SetConfig
 .text.HAL_TIM_PWM_Init
                0x000000000804780c       0x64 ./Drivers/STM32H7xx_HAL_Driver/Src/stm32h7xx_hal_tim.o
                0x000000000804780c                HAL_TIM_PWM_Init
 .text.HAL_TIM_Base_Init
                0x0000000008047870       0x64 ./Drivers/STM32H7xx_HAL_Driver/Src/stm32h7xx_hal_tim.o
                0x0000000008047870                HAL_TIM_Base_Init
 .text.TIM_OC2_SetConfig
                0x00000000080478d4       0x88 ./Drivers/STM32H7xx_HAL_Driver/Src/stm32h7xx_hal_tim.o
                0x00000000080478d4                TIM_OC2_SetConfig
 .text.HAL_TIM_PWM_ConfigChannel
                0x000000000804795c      0x130 ./Drivers/STM32H7xx_HAL_Driver/Src/stm32h7xx_hal_tim.o
                0x000000000804795c                HAL_TIM_PWM_ConfigChannel
 .text.HAL_TIMEx_MasterConfigSynchronization
                0x0000000008047a8c       0xa8 ./Drivers/STM32H7xx_HAL_Driver/Src/stm32h7xx_hal_tim_ex.o
                0x0000000008047a8c                HAL_TIMEx_MasterConfigSynchronization
 .text.HAL_TIMEx_CommutCallback
                0x0000000008047b34        0x4 ./Drivers/STM32H7xx_HAL_Driver/Src/stm32h7xx_hal_tim_ex.o
                0x0000000008047b34                HAL_TIMEx_CommutCallback
 .text.HAL_TIMEx_BreakCallback
                0x0000000008047b38        0x4 ./Drivers/STM32H7xx_HAL_Driver/Src/stm32h7xx_hal_tim_ex.o
                0x0000000008047b38                HAL_TIMEx_BreakCallback
 .text.HAL_TIMEx_Break2Callback
                0x0000000008047b3c        0x4 ./Drivers/STM32H7xx_HAL_Driver/Src/stm32h7xx_hal_tim_ex.o
                0x0000000008047b3c                HAL_TIMEx_Break2Callback
 .text.HAL_UART_DeInit
                0x0000000008047b40       0x3c ./Drivers/STM32H7xx_HAL_Driver/Src/stm32h7xx_hal_uart.o
                0x0000000008047b40                HAL_UART_DeInit
 .text.HAL_UART_Receive_IT
                0x0000000008047b7c      0x13c ./Drivers/STM32H7xx_HAL_Driver/Src/stm32h7xx_hal_uart.o
                0x0000000008047b7c                HAL_UART_Receive_IT
 .text.HAL_UART_RxCpltCallback
                0x0000000008047cb8        0x4 ./Drivers/STM32H7xx_HAL_Driver/Src/stm32h7xx_hal_uart.o
                0x0000000008047cb8                HAL_UART_RxCpltCallback
 .text.UART_RxISR_16BIT_FIFOEN
                0x0000000008047cbc       0xd0 ./Drivers/STM32H7xx_HAL_Driver/Src/stm32h7xx_hal_uart.o
 .text.UART_RxISR_8BIT_FIFOEN
                0x0000000008047d8c       0xbc ./Drivers/STM32H7xx_HAL_Driver/Src/stm32h7xx_hal_uart.o
 .text.UART_RxISR_16BIT
                0x0000000008047e48       0x5c ./Drivers/STM32H7xx_HAL_Driver/Src/stm32h7xx_hal_uart.o
 .text.UART_RxISR_8BIT
                0x0000000008047ea4       0x60 ./Drivers/STM32H7xx_HAL_Driver/Src/stm32h7xx_hal_uart.o
 .text.UART_SetConfig
                0x0000000008047f04      0x560 ./Drivers/STM32H7xx_HAL_Driver/Src/stm32h7xx_hal_uart.o
                0x0000000008047f04                UART_SetConfig
 .text.UART_AdvFeatureConfig
                0x0000000008048464       0xb0 ./Drivers/STM32H7xx_HAL_Driver/Src/stm32h7xx_hal_uart.o
                0x0000000008048464                UART_AdvFeatureConfig
 .text.UART_WaitOnFlagUntilTimeout
                0x0000000008048514       0xb0 ./Drivers/STM32H7xx_HAL_Driver/Src/stm32h7xx_hal_uart.o
                0x0000000008048514                UART_WaitOnFlagUntilTimeout
 .text.UART_CheckIdleState
                0x00000000080485c4       0x74 ./Drivers/STM32H7xx_HAL_Driver/Src/stm32h7xx_hal_uart.o
                0x00000000080485c4                UART_CheckIdleState
 .text.HAL_UART_Init
                0x0000000008048638       0x68 ./Drivers/STM32H7xx_HAL_Driver/Src/stm32h7xx_hal_uart.o
                0x0000000008048638                HAL_UART_Init
 .text.UARTEx_SetNbDataToProcess
                0x00000000080486a0       0x70 ./Drivers/STM32H7xx_HAL_Driver/Src/stm32h7xx_hal_uart_ex.o
 .text.HAL_RS485Ex_Init
                0x0000000008048710       0x8c ./Drivers/STM32H7xx_HAL_Driver/Src/stm32h7xx_hal_uart_ex.o
                0x0000000008048710                HAL_RS485Ex_Init
 .text.HAL_UARTEx_EnableFifoMode
                0x000000000804879c       0x44 ./Drivers/STM32H7xx_HAL_Driver/Src/stm32h7xx_hal_uart_ex.o
                0x000000000804879c                HAL_UARTEx_EnableFifoMode
 .text.HAL_UARTEx_DisableFifoMode
                0x00000000080487e0       0x3c ./Drivers/STM32H7xx_HAL_Driver/Src/stm32h7xx_hal_uart_ex.o
                0x00000000080487e0                HAL_UARTEx_DisableFifoMode
 .text.HAL_UARTEx_SetTxFifoThreshold
                0x000000000804881c       0x4c ./Drivers/STM32H7xx_HAL_Driver/Src/stm32h7xx_hal_uart_ex.o
                0x000000000804881c                HAL_UARTEx_SetTxFifoThreshold
 .text.HAL_UARTEx_SetRxFifoThreshold
                0x0000000008048868       0x4c ./Drivers/STM32H7xx_HAL_Driver/Src/stm32h7xx_hal_uart_ex.o
                0x0000000008048868                HAL_UARTEx_SetRxFifoThreshold
 .text.USB_CoreReset
                0x00000000080488b4       0x34 ./Drivers/STM32H7xx_HAL_Driver/Src/stm32h7xx_ll_usb.o
 .text.USB_CoreInit
                0x00000000080488e8       0x88 ./Drivers/STM32H7xx_HAL_Driver/Src/stm32h7xx_ll_usb.o
                0x00000000080488e8                USB_CoreInit
 .text.USB_EnableGlobalInt
                0x0000000008048970       0x10 ./Drivers/STM32H7xx_HAL_Driver/Src/stm32h7xx_ll_usb.o
                0x0000000008048970                USB_EnableGlobalInt
 .text.USB_DisableGlobalInt
                0x0000000008048980       0x10 ./Drivers/STM32H7xx_HAL_Driver/Src/stm32h7xx_ll_usb.o
                0x0000000008048980                USB_DisableGlobalInt
 .text.USB_SetCurrentMode
                0x0000000008048990       0x30 ./Drivers/STM32H7xx_HAL_Driver/Src/stm32h7xx_ll_usb.o
                0x0000000008048990                USB_SetCurrentMode
 .text.USB_ReadPacket
                0x00000000080489c0       0x24 ./Drivers/STM32H7xx_HAL_Driver/Src/stm32h7xx_ll_usb.o
                0x00000000080489c0                USB_ReadPacket
 .text.USB_ReadInterrupts
                0x00000000080489e4        0x8 ./Drivers/STM32H7xx_HAL_Driver/Src/stm32h7xx_ll_usb.o
                0x00000000080489e4                USB_ReadInterrupts
 .text.USB_GetMode
                0x00000000080489ec        0x8 ./Drivers/STM32H7xx_HAL_Driver/Src/stm32h7xx_ll_usb.o
                0x00000000080489ec                USB_GetMode
 .text.USB_InitFSLSPClkSel
                0x00000000080489f4       0x50 ./Drivers/STM32H7xx_HAL_Driver/Src/stm32h7xx_ll_usb.o
                0x00000000080489f4                USB_InitFSLSPClkSel
 .text.USB_ResetPort
                0x0000000008048a44       0x40 ./Drivers/STM32H7xx_HAL_Driver/Src/stm32h7xx_ll_usb.o
                0x0000000008048a44                USB_ResetPort
 .text.USB_DriveVbus
                0x0000000008048a84       0x50 ./Drivers/STM32H7xx_HAL_Driver/Src/stm32h7xx_ll_usb.o
                0x0000000008048a84                USB_DriveVbus
 .text.USB_HostInit
                0x0000000008048ad4      0x100 ./Drivers/STM32H7xx_HAL_Driver/Src/stm32h7xx_ll_usb.o
                0x0000000008048ad4                USB_HostInit
 .text.USB_GetHostSpeed
                0x0000000008048bd4       0x18 ./Drivers/STM32H7xx_HAL_Driver/Src/stm32h7xx_ll_usb.o
                0x0000000008048bd4                USB_GetHostSpeed
 .text.USB_GetCurrentFrame
                0x0000000008048bec        0xc ./Drivers/STM32H7xx_HAL_Driver/Src/stm32h7xx_ll_usb.o
                0x0000000008048bec                USB_GetCurrentFrame
 .text.USB_HC_Init
                0x0000000008048bf8      0x114 ./Drivers/STM32H7xx_HAL_Driver/Src/stm32h7xx_ll_usb.o
                0x0000000008048bf8                USB_HC_Init
 .text.USB_HC_StartXfer
                0x0000000008048d0c      0x194 ./Drivers/STM32H7xx_HAL_Driver/Src/stm32h7xx_ll_usb.o
                0x0000000008048d0c                USB_HC_StartXfer
 .text.USB_HC_ReadInterrupt
                0x0000000008048ea0        0xc ./Drivers/STM32H7xx_HAL_Driver/Src/stm32h7xx_ll_usb.o
                0x0000000008048ea0                USB_HC_ReadInterrupt
 .text.USB_HC_Halt
                0x0000000008048eac       0xc0 ./Drivers/STM32H7xx_HAL_Driver/Src/stm32h7xx_ll_usb.o
                0x0000000008048eac                USB_HC_Halt
 .text.USB_StopHost
                0x0000000008048f6c       0x90 ./Drivers/STM32H7xx_HAL_Driver/Src/stm32h7xx_ll_usb.o
                0x0000000008048f6c                USB_StopHost
 .text.USBH_HID_SOFProcess
                0x0000000008048ffc       0x28 ./Middlewares/ST/STM32_USB_Host_Library/Class/HID/Src/usbh_hid.o
 .text.USBH_HID_InterfaceDeInit
                0x0000000008049024       0x58 ./Middlewares/ST/STM32_USB_Host_Library/Class/HID/Src/usbh_hid.o
 .text.USBH_HID_InterfaceInit
                0x000000000804907c      0x14c ./Middlewares/ST/STM32_USB_Host_Library/Class/HID/Src/usbh_hid.o
 .text.USBH_HID_ClassRequest
                0x00000000080491c8       0xf8 ./Middlewares/ST/STM32_USB_Host_Library/Class/HID/Src/usbh_hid.o
 .text.USBH_HID_SetReport
                0x00000000080492c0       0x20 ./Middlewares/ST/STM32_USB_Host_Library/Class/HID/Src/usbh_hid.o
                0x00000000080492c0                USBH_HID_SetReport
 .text.USBH_HID_GetDeviceType
                0x00000000080492e0       0x2c ./Middlewares/ST/STM32_USB_Host_Library/Class/HID/Src/usbh_hid.o
                0x00000000080492e0                USBH_HID_GetDeviceType
 .text.USBH_HID_FifoInit
                0x000000000804930c        0xc ./Middlewares/ST/STM32_USB_Host_Library/Class/HID/Src/usbh_hid.o
                0x000000000804930c                USBH_HID_FifoInit
 .text.USBH_HID_FifoRead
                0x0000000008049318       0x44 ./Middlewares/ST/STM32_USB_Host_Library/Class/HID/Src/usbh_hid.o
                0x0000000008049318                USBH_HID_FifoRead
 .text.USBH_HID_FifoWrite
                0x000000000804935c       0x58 ./Middlewares/ST/STM32_USB_Host_Library/Class/HID/Src/usbh_hid.o
                0x000000000804935c                USBH_HID_FifoWrite
 .text.USBH_HID_EventCallback
                0x00000000080493b4        0x4 ./Middlewares/ST/STM32_USB_Host_Library/Class/HID/Src/usbh_hid.o
                0x00000000080493b4                USBH_HID_EventCallback
 .text.USBH_HID_Process
                0x00000000080493b8       0xf4 ./Middlewares/ST/STM32_USB_Host_Library/Class/HID/Src/usbh_hid.o
 .text.USBH_HID_KeybdInit
                0x00000000080494ac       0x54 ./Middlewares/ST/STM32_USB_Host_Library/Class/HID/Src/usbh_hid_keybd.o
                0x00000000080494ac                USBH_HID_KeybdInit
 .text.USBH_HID_GetKeybdInfo
                0x0000000008049500       0xcc ./Middlewares/ST/STM32_USB_Host_Library/Class/HID/Src/usbh_hid_keybd.o
                0x0000000008049500                USBH_HID_GetKeybdInfo
 .text.USBH_HID_MouseInit
                0x00000000080495cc       0x4c ./Middlewares/ST/STM32_USB_Host_Library/Class/HID/Src/usbh_hid_mouse.o
                0x00000000080495cc                USBH_HID_MouseInit
 .text.HID_ReadItem
                0x0000000008049618       0x90 ./Middlewares/ST/STM32_USB_Host_Library/Class/HID/Src/usbh_hid_parser.o
                0x0000000008049618                HID_ReadItem
 .text.USBH_Init
                0x00000000080496a8       0x70 ./Middlewares/ST/STM32_USB_Host_Library/Core/Src/usbh_core.o
                0x00000000080496a8                USBH_Init
 .text.USBH_RegisterClass
                0x0000000008049718       0x1c ./Middlewares/ST/STM32_USB_Host_Library/Core/Src/usbh_core.o
                0x0000000008049718                USBH_RegisterClass
 .text.USBH_SelectInterface
                0x0000000008049734       0x14 ./Middlewares/ST/STM32_USB_Host_Library/Core/Src/usbh_core.o
                0x0000000008049734                USBH_SelectInterface
 .text.USBH_FindInterface
                0x0000000008049748       0x48 ./Middlewares/ST/STM32_USB_Host_Library/Core/Src/usbh_core.o
                0x0000000008049748                USBH_FindInterface
 .text.USBH_Start
                0x0000000008049790       0x14 ./Middlewares/ST/STM32_USB_Host_Library/Core/Src/usbh_core.o
                0x0000000008049790                USBH_Start
 .text.USBH_Stop
                0x00000000080497a4       0x24 ./Middlewares/ST/STM32_USB_Host_Library/Core/Src/usbh_core.o
                0x00000000080497a4                USBH_Stop
 .text.USBH_ReEnumerate
                0x00000000080497c8       0x20 ./Middlewares/ST/STM32_USB_Host_Library/Core/Src/usbh_core.o
                0x00000000080497c8                USBH_ReEnumerate
 .text.USBH_Process
                0x00000000080497e8      0x484 ./Middlewares/ST/STM32_USB_Host_Library/Core/Src/usbh_core.o
                0x00000000080497e8                USBH_Process
 .text.USBH_LL_SetTimer
                0x0000000008049c6c        0x8 ./Middlewares/ST/STM32_USB_Host_Library/Core/Src/usbh_core.o
                0x0000000008049c6c                USBH_LL_SetTimer
 .text.USBH_LL_IncTimer
                0x0000000008049c74       0x20 ./Middlewares/ST/STM32_USB_Host_Library/Core/Src/usbh_core.o
                0x0000000008049c74                USBH_LL_IncTimer
 .text.USBH_LL_PortEnabled
                0x0000000008049c94        0x8 ./Middlewares/ST/STM32_USB_Host_Library/Core/Src/usbh_core.o
                0x0000000008049c94                USBH_LL_PortEnabled
 .text.USBH_LL_PortDisabled
                0x0000000008049c9c        0x8 ./Middlewares/ST/STM32_USB_Host_Library/Core/Src/usbh_core.o
                0x0000000008049c9c                USBH_LL_PortDisabled
 .text.USBH_LL_Connect
                0x0000000008049ca4       0x18 ./Middlewares/ST/STM32_USB_Host_Library/Core/Src/usbh_core.o
                0x0000000008049ca4                USBH_LL_Connect
 .text.USBH_LL_Disconnect
                0x0000000008049cbc       0x2c ./Middlewares/ST/STM32_USB_Host_Library/Core/Src/usbh_core.o
                0x0000000008049cbc                USBH_LL_Disconnect
 .text.USBH_CtlReq.part.0
                0x0000000008049ce8      0x190 ./Middlewares/ST/STM32_USB_Host_Library/Core/Src/usbh_ctlreq.o
 .text.USBH_GetDescriptor
                0x0000000008049e78       0x4c ./Middlewares/ST/STM32_USB_Host_Library/Core/Src/usbh_ctlreq.o
                0x0000000008049e78                USBH_GetDescriptor
 .text.USBH_Get_StringDesc
                0x0000000008049ec4       0x54 ./Middlewares/ST/STM32_USB_Host_Library/Core/Src/usbh_ctlreq.o
                0x0000000008049ec4                USBH_Get_StringDesc
 .text.USBH_Get_CfgDesc
                0x0000000008049f18      0x134 ./Middlewares/ST/STM32_USB_Host_Library/Core/Src/usbh_ctlreq.o
                0x0000000008049f18                USBH_Get_CfgDesc
 .text.USBH_Get_DevDesc
                0x000000000804a04c       0x98 ./Middlewares/ST/STM32_USB_Host_Library/Core/Src/usbh_ctlreq.o
                0x000000000804a04c                USBH_Get_DevDesc
 .text.USBH_SetAddress
                0x000000000804a0e4       0x34 ./Middlewares/ST/STM32_USB_Host_Library/Core/Src/usbh_ctlreq.o
                0x000000000804a0e4                USBH_SetAddress
 .text.USBH_SetCfg
                0x000000000804a118       0x34 ./Middlewares/ST/STM32_USB_Host_Library/Core/Src/usbh_ctlreq.o
                0x000000000804a118                USBH_SetCfg
 .text.USBH_SetFeature
                0x000000000804a14c       0x34 ./Middlewares/ST/STM32_USB_Host_Library/Core/Src/usbh_ctlreq.o
                0x000000000804a14c                USBH_SetFeature
 .text.USBH_ClrFeature
                0x000000000804a180       0x34 ./Middlewares/ST/STM32_USB_Host_Library/Core/Src/usbh_ctlreq.o
                0x000000000804a180                USBH_ClrFeature
 .text.USBH_GetNextDesc
                0x000000000804a1b4        0xc ./Middlewares/ST/STM32_USB_Host_Library/Core/Src/usbh_ctlreq.o
                0x000000000804a1b4                USBH_GetNextDesc
 .text.USBH_CtlReq
                0x000000000804a1c0       0x28 ./Middlewares/ST/STM32_USB_Host_Library/Core/Src/usbh_ctlreq.o
                0x000000000804a1c0                USBH_CtlReq
 .text.USBH_CtlSendSetup
                0x000000000804a1e8       0x20 ./Middlewares/ST/STM32_USB_Host_Library/Core/Src/usbh_ioreq.o
                0x000000000804a1e8                USBH_CtlSendSetup
 .text.USBH_CtlSendData
                0x000000000804a208       0x34 ./Middlewares/ST/STM32_USB_Host_Library/Core/Src/usbh_ioreq.o
                0x000000000804a208                USBH_CtlSendData
 .text.USBH_CtlReceiveData
                0x000000000804a23c       0x20 ./Middlewares/ST/STM32_USB_Host_Library/Core/Src/usbh_ioreq.o
                0x000000000804a23c                USBH_CtlReceiveData
 .text.USBH_InterruptReceiveData
                0x000000000804a25c       0x20 ./Middlewares/ST/STM32_USB_Host_Library/Core/Src/usbh_ioreq.o
                0x000000000804a25c                USBH_InterruptReceiveData
 .text.USBH_OpenPipe
                0x000000000804a27c       0x20 ./Middlewares/ST/STM32_USB_Host_Library/Core/Src/usbh_pipes.o
                0x000000000804a27c                USBH_OpenPipe
 .text.USBH_ClosePipe
                0x000000000804a29c        0xc ./Middlewares/ST/STM32_USB_Host_Library/Core/Src/usbh_pipes.o
                0x000000000804a29c                USBH_ClosePipe
 .text.USBH_AllocPipe
                0x000000000804a2a8       0x30 ./Middlewares/ST/STM32_USB_Host_Library/Core/Src/usbh_pipes.o
                0x000000000804a2a8                USBH_AllocPipe
 .text.USBH_FreePipe
                0x000000000804a2d8       0x18 ./Middlewares/ST/STM32_USB_Host_Library/Core/Src/usbh_pipes.o
                0x000000000804a2d8                USBH_FreePipe
 .text.drwav__read_chunk_header
                0x000000000804a2f0       0xac ./Src/Audio.o
 .text.drwav__seek_forward
                0x000000000804a39c       0x68 ./Src/Audio.o
 .text.drwav__seek_from_start
                0x000000000804a404       0x94 ./Src/Audio.o
 .text.drflac__malloc_from_callbacks
                0x000000000804a498       0x24 ./Src/Audio.o
 .text.drmp3_bs_get_bits
                0x000000000804a4bc       0x70 ./Src/Audio.o
 .text.drmp3_hdr_valid
                0x000000000804a52c       0x38 ./Src/Audio.o
 .text.drmp3_hdr_compare
                0x000000000804a564       0x4c ./Src/Audio.o
 .text.drmp3_hdr_frame_bytes
                0x000000000804a5b0       0x94 ./Src/Audio.o
 .text.drmp3_L3_dct3_9
                0x000000000804a644      0x170 ./Src/Audio.o
 .text.drmp3_L3_imdct36
                0x000000000804a7b4      0x164 ./Src/Audio.o
 .text.drmp3_L3_imdct12
                0x000000000804a918      0x108 ./Src/Audio.o
 .text.drmp3d_synth_pair
                0x000000000804aa20      0x1a0 ./Src/Audio.o
 .text.drmp3__free_default
                0x000000000804abc0        0x4 ./Src/Audio.o
 .text.drflac__free_default
                0x000000000804abc4        0x4 ./Src/Audio.o
 .text.drwav__free_default
                0x000000000804abc8        0x4 ./Src/Audio.o
 .text.drmp3__realloc_default
                0x000000000804abcc        0x4 ./Src/Audio.o
 .text.drflac__realloc_default
                0x000000000804abd0        0x4 ./Src/Audio.o
 .text.drwav__realloc_default
                0x000000000804abd4        0x4 ./Src/Audio.o
 .text.drmp3__malloc_default
                0x000000000804abd8        0x4 ./Src/Audio.o
 .text.drflac__malloc_default
                0x000000000804abdc        0x4 ./Src/Audio.o
 .text.drwav__malloc_default
                0x000000000804abe0        0x4 ./Src/Audio.o
 .text.drflac__reload_cache
                0x000000000804abe4      0x1fc ./Src/Audio.o
 .text.drflac__read_uint8
                0x000000000804ade0       0xf0 ./Src/Audio.o
 .text.drflac__read_subframe_header
                0x000000000804aed0       0xa8 ./Src/Audio.o
 .text.drflac__read_utf8_coded_number
                0x000000000804af78      0x15c ./Src/Audio.o
 .text.drflac__seek_bits
                0x000000000804b0d4       0xe4 ./Src/Audio.o
 .text.drflac__read_uint16
                0x000000000804b1b8       0xdc ./Src/Audio.o
 .text.drflac__read_next_flac_frame_header
                0x000000000804b294      0x5ec ./Src/Audio.o
 .text.drflac__read_int32
                0x000000000804b880      0x124 ./Src/Audio.o
 .text.drflac__decode_samples_with_residual
                0x000000000804b9a4     0x4c8c ./Src/Audio.o
 .text.drflac__decode_flac_frame
                0x0000000008050630      0x4ec ./Src/Audio.o
 .text.drflac__read_and_decode_next_flac_frame
                0x0000000008050b1c       0x48 ./Src/Audio.o
 .text.drflac__seek_forward_by_pcm_frames
                0x0000000008050b64       0x78 ./Src/Audio.o
 .text.drwav_read_pcm_frames_s16__ima
                0x0000000008050bdc      0x390 ./Src/Audio.o
 .text.drwav_read_pcm_frames_s16__msadpcm
                0x0000000008050f6c      0x434 ./Src/Audio.o
 .text.drwav__on_read
                0x00000000080513a0       0x3c ./Src/Audio.o
 .text.drwav_init__internal
                0x00000000080513dc      0xa70 ./Src/Audio.o
 .text.drmp3__realloc_from_callbacks
                0x0000000008051e4c       0x50 ./Src/Audio.o
 .text.drmp3d_synth_granule
                0x0000000008051e9c      0x820 ./Src/Audio.o
 .text.my_malloc
                0x00000000080526bc        0x4 ./Src/Audio.o
                0x00000000080526bc                my_malloc
 .text.my_realloc
                0x00000000080526c0        0x4 ./Src/Audio.o
                0x00000000080526c0                my_realloc
 .text.my_free  0x00000000080526c4       0x14 ./Src/Audio.o
                0x00000000080526c4                my_free
 .text.onRead   0x00000000080526d8       0x44 ./Src/Audio.o
                0x00000000080526d8                onRead
 .text.onSeek   0x000000000805271c       0x4c ./Src/Audio.o
                0x000000000805271c                onSeek
 .text.drflac__free_from_callbacks.part.0
                0x0000000008052768        0xc ./Src/Audio.o
 .text.drmp3__free_from_callbacks.part.0
                0x0000000008052774        0xc ./Src/Audio.o
 .text.drwav_preinit.part.0
                0x0000000008052780       0x68 ./Src/Audio.o
 .text.drflac__init_private__native.isra.0
                0x00000000080527e8      0x1cc ./Src/Audio.o
 .text.drflac_open_with_metadata_private
                0x00000000080529b4      0x8c0 ./Src/Audio.o
 .text.drwav_read_raw.part.0
                0x0000000008053274       0xac ./Src/Audio.o
 .text.setnoise.part.0
                0x0000000008053320       0x74 ./Src/Audio.o
 .text.drwav_init_ex
                0x0000000008053394       0x40 ./Src/Audio.o
                0x0000000008053394                drwav_init_ex
 .text.drwav_read_pcm_frames_le
                0x00000000080533d4       0x74 ./Src/Audio.o
                0x00000000080533d4                drwav_read_pcm_frames_le
 .text.drwav_read_pcm_frames_s16__mulaw
                0x0000000008053448       0xec ./Src/Audio.o
 .text.drwav_read_pcm_frames_s16__alaw
                0x0000000008053534       0xec ./Src/Audio.o
 .text.drwav_read_pcm_frames_s16__ieee
                0x0000000008053620      0x174 ./Src/Audio.o
 .text.drwav_s24_to_s16
                0x0000000008053794       0x34 ./Src/Audio.o
                0x0000000008053794                drwav_s24_to_s16
 .text.drwav_read_pcm_frames_s16__pcm
                0x00000000080537c8      0x268 ./Src/Audio.o
 .text.drwav_read_pcm_frames_s16
                0x0000000008053a30       0xec ./Src/Audio.o
                0x0000000008053a30                drwav_read_pcm_frames_s16
 *fill*         0x0000000008053b1c        0x4 
 .text.drflac_read_pcm_frames_f32
                0x0000000008053b20      0x9ac ./Src/Audio.o
                0x0000000008053b20                drflac_read_pcm_frames_f32
 .text.drmp3dec_decode_frame
                0x00000000080544cc     0x1aa0 ./Src/Audio.o
                0x00000000080544cc                drmp3dec_decode_frame
 .text.drmp3_decode_next_frame_ex
                0x0000000008055f6c      0x2a4 ./Src/Audio.o
 .text.drmp3_read_pcm_frames_raw
                0x0000000008056210      0x134 ./Src/Audio.o
 .text.drmp3_init_internal
                0x0000000008056344      0x110 ./Src/Audio.o
 .text.drmp3_init.part.0
                0x0000000008056454       0x2c ./Src/Audio.o
 .text.ConfigSoundOutputs
                0x0000000008056480       0x20 ./Src/Audio.o
                0x0000000008056480                ConfigSoundOutputs
 .text.cmd_tts  0x00000000080564a0      0x28c ./Src/Audio.o
                0x00000000080564a0                cmd_tts
 *fill*         0x000000000805672c        0x4 
 .text.fconvert
                0x0000000008056730       0xa8 ./Src/Audio.o
                0x0000000008056730                fconvert
 .text.iconvert
                0x00000000080567d8       0xb8 ./Src/Audio.o
                0x00000000080567d8                iconvert
 .text.i2convert
                0x0000000008056890       0xa0 ./Src/Audio.o
                0x0000000008056890                i2convert
 .text.StopAudio
                0x0000000008056930       0x54 ./Src/Audio.o
                0x0000000008056930                StopAudio
 .text.CloseAudio
                0x0000000008056984      0x190 ./Src/Audio.o
                0x0000000008056984                CloseAudio
 .text.flaccallback
                0x0000000008056b14      0x178 ./Src/Audio.o
                0x0000000008056b14                flaccallback
 .text.mp3callback
                0x0000000008056c8c      0x184 ./Src/Audio.o
                0x0000000008056c8c                mp3callback
 .text.wavcallback
                0x0000000008056e10      0x18c ./Src/Audio.o
                0x0000000008056e10                wavcallback
 .text.cmd_play
                0x0000000008056f9c     0x1498 ./Src/Audio.o
                0x0000000008056f9c                cmd_play
 .text.audio_checks
                0x0000000008058434       0xe8 ./Src/Audio.o
                0x0000000008058434                audio_checks
 .text.checkWAVinput
                0x000000000805851c      0x384 ./Src/Audio.o
                0x000000000805851c                checkWAVinput
 .text.BDEC_bReadHeader
                0x00000000080588a0      0x288 ./Src/BmpDecoder.o
                0x00000000080588a0                BDEC_bReadHeader
 .text.BMP_bDecode
                0x0000000008058b28      0x7b8 ./Src/BmpDecoder.o
                0x0000000008058b28                BMP_bDecode
 .text.IntToFloat
                0x00000000080592e0        0xc ./Src/CFunctions.o
                0x00000000080592e0                IntToFloat
 .text.timer    0x00000000080592ec       0x10 ./Src/CFunctions.o
 .text.CallCFuncmSec
                0x00000000080592fc        0xc ./Src/CFunctions.o
                0x00000000080592fc                CallCFuncmSec
 .text.CallExecuteProgram
                0x0000000008059308       0x30 ./Src/CFunctions.o
                0x0000000008059308                CallExecuteProgram
 .text.CallCFunction
                0x0000000008059338      0x3e8 ./Src/CFunctions.o
                0x0000000008059338                CallCFunction
 .text.CallCFuncInt1
                0x0000000008059720        0xc ./Src/CFunctions.o
                0x0000000008059720                CallCFuncInt1
 .text.CallCFuncInt2
                0x000000000805972c        0xc ./Src/CFunctions.o
                0x000000000805972c                CallCFuncInt2
 .text.as_strcmpi.part.0
                0x0000000008059738       0x48 ./Src/Commands.o
 .text.cmd_null
                0x0000000008059780        0x4 ./Src/Commands.o
                0x0000000008059780                cmd_null
 .text.execute  0x0000000008059784      0x1f4 ./Src/Commands.o
                0x0000000008059784                execute
 .text.cmd_execute
                0x0000000008059978        0xc ./Src/Commands.o
                0x0000000008059978                cmd_execute
 .text.cmd_inc  0x0000000008059984      0x15c ./Src/Commands.o
                0x0000000008059984                cmd_inc
 .text.cmd_print
                0x0000000008059ae0      0x2e8 ./Src/Commands.o
                0x0000000008059ae0                cmd_print
 .text.cmd_let  0x0000000008059dc8      0x1b0 ./Src/Commands.o
                0x0000000008059dc8                cmd_let
 .text.sortStrings
                0x0000000008059f78       0x78 ./Src/Commands.o
                0x0000000008059f78                sortStrings
 .text.ListNewLine
                0x0000000008059ff0       0x44 ./Src/Commands.o
                0x0000000008059ff0                ListNewLine
 .text.ListFile
                0x000000000805a034       0xd8 ./Src/Commands.o
                0x000000000805a034                ListFile
 .text.cmd_run  0x000000000805a10c       0x8c ./Src/Commands.o
                0x000000000805a10c                cmd_run
 .text.cmd_continue
                0x000000000805a198       0xc4 ./Src/Commands.o
                0x000000000805a198                cmd_continue
 .text.cmd_new  0x000000000805a25c       0x58 ./Src/Commands.o
                0x000000000805a25c                cmd_new
 .text.cmd_erasevar
                0x000000000805a2b4      0x16c ./Src/Commands.o
                0x000000000805a2b4                cmd_erasevar
 .text.cmd_clear
                0x000000000805a420       0x4c ./Src/Commands.o
                0x000000000805a420                cmd_clear
 .text.cmd_goto
                0x000000000805a46c       0x44 ./Src/Commands.o
                0x000000000805a46c                cmd_goto
 .text.cmd_else
                0x000000000805a4b0       0xb0 ./Src/Commands.o
                0x000000000805a4b0                cmd_else
 .text.cmd_end  0x000000000805a560       0x2c ./Src/Commands.o
                0x000000000805a560                cmd_end
 *fill*         0x000000000805a58c        0x4 
 .text.cmd_select
                0x000000000805a590      0x418 ./Src/Commands.o
                0x000000000805a590                cmd_select
 .text.cmd_case
                0x000000000805a9a8       0x50 ./Src/Commands.o
                0x000000000805a9a8                cmd_case
 .text.cmd_input
                0x000000000805a9f8      0x234 ./Src/Commands.o
                0x000000000805a9f8                cmd_input
 .text.cmd_trace
                0x000000000805ac2c      0x104 ./Src/Commands.o
                0x000000000805ac2c                cmd_trace
 .text.cmd_for  0x000000000805ad30      0x428 ./Src/Commands.o
                0x000000000805ad30                cmd_for
 .text.cmd_next
                0x000000000805b158      0x224 ./Src/Commands.o
                0x000000000805b158                cmd_next
 .text.cmd_do   0x000000000805b37c      0x1c8 ./Src/Commands.o
                0x000000000805b37c                cmd_do
 .text.cmd_loop
                0x000000000805b544       0xfc ./Src/Commands.o
                0x000000000805b544                cmd_loop
 .text.cmd_exitfor
                0x000000000805b640       0x50 ./Src/Commands.o
                0x000000000805b640                cmd_exitfor
 .text.cmd_exit
                0x000000000805b690       0x50 ./Src/Commands.o
                0x000000000805b690                cmd_exit
 .text.cmd_error
                0x000000000805b6e0       0x38 ./Src/Commands.o
                0x000000000805b6e0                cmd_error
 .text.cmd_subfun
                0x000000000805b718       0xa8 ./Src/Commands.o
                0x000000000805b718                cmd_subfun
 .text.cmd_gosub
                0x000000000805b7c0       0x8c ./Src/Commands.o
                0x000000000805b7c0                cmd_gosub
 .text.cmd_mid  0x000000000805b84c      0x154 ./Src/Commands.o
                0x000000000805b84c                cmd_mid
 .text.cmd_return
                0x000000000805b9a0       0x74 ./Src/Commands.o
                0x000000000805b9a0                cmd_return
 .text.cmd_endfun
                0x000000000805ba14       0x40 ./Src/Commands.o
                0x000000000805ba14                cmd_endfun
 .text.cmd_read
                0x000000000805ba54      0x4a4 ./Src/Commands.o
                0x000000000805ba54                cmd_read
 .text.cmd_call
                0x000000000805bef8       0x78 ./Src/Commands.o
                0x000000000805bef8                cmd_call
 .text.cmd_restore
                0x000000000805bf70      0x110 ./Src/Commands.o
                0x000000000805bf70                cmd_restore
 .text.cmd_lineinput
                0x000000000805c080      0x12c ./Src/Commands.o
                0x000000000805c080                cmd_lineinput
 .text.cmd_on   0x000000000805c1ac      0x260 ./Src/Commands.o
                0x000000000805c1ac                cmd_on
 .text.CheckIfTypeSpecified
                0x000000000805c40c       0x60 ./Src/Commands.o
                0x000000000805c40c                CheckIfTypeSpecified
 .text.SetValue
                0x000000000805c46c       0xbc ./Src/Commands.o
                0x000000000805c46c                SetValue
 .text.cmd_dim  0x000000000805c528      0x4b0 ./Src/Commands.o
                0x000000000805c528                cmd_dim
 .text.cmd_const
                0x000000000805c9d8      0x17c ./Src/Commands.o
                0x000000000805c9d8                cmd_const
 .text.strCopyWithCase
                0x000000000805cb54       0x88 ./Src/Commands.o
                0x000000000805cb54                strCopyWithCase
 .text.llist    0x000000000805cbdc      0x29c ./Src/Commands.o
                0x000000000805cbdc                llist
 .text.ListProgram
                0x000000000805ce78       0x84 ./Src/Commands.o
                0x000000000805ce78                ListProgram
 .text.cmd_list
                0x000000000805cefc      0x4fc ./Src/Commands.o
                0x000000000805cefc                cmd_list
 .text.execute_one_command
                0x000000000805d3f8      0x10c ./Src/Commands.o
                0x000000000805d3f8                execute_one_command
 .text.cmd_if   0x000000000805d504      0x2ec ./Src/Commands.o
                0x000000000805d504                cmd_if
 .text.cmd_refresh
                0x000000000805d7f0       0x38 ./Src/Draw.o
                0x000000000805d7f0                cmd_refresh
 .text.GetJustification
                0x000000000805d828      0x110 ./Src/Draw.o
                0x000000000805d828                GetJustification
 .text.getargaddress
                0x000000000805d938      0x198 ./Src/Draw.o
                0x000000000805d938                getargaddress
 .text.cmd_pixel
                0x000000000805dad0      0x1d4 ./Src/Draw.o
                0x000000000805dad0                cmd_pixel
 *fill*         0x000000000805dca4        0x4 
 .text.pointcalc
                0x000000000805dca8      0x1e4 ./Src/Draw.o
                0x000000000805dca8                pointcalc
 .text.fun_pixel
                0x000000000805de8c       0x90 ./Src/Draw.o
                0x000000000805de8c                fun_pixel
 .text.fun_rgb  0x000000000805df1c      0x1ac ./Src/Draw.o
                0x000000000805df1c                fun_rgb
 .text.fun_mmhres
                0x000000000805e0c8       0x28 ./Src/Draw.o
                0x000000000805e0c8                fun_mmhres
 .text.fun_mmvres
                0x000000000805e0f0       0x28 ./Src/Draw.o
                0x000000000805e0f0                fun_mmvres
 .text.cmd_colour
                0x000000000805e118       0xa0 ./Src/Draw.o
                0x000000000805e118                cmd_colour
 .text.fun_mmcharwidth
                0x000000000805e1b8       0x54 ./Src/Draw.o
                0x000000000805e1b8                fun_mmcharwidth
 .text.fun_mmcharheight
                0x000000000805e20c       0x54 ./Src/Draw.o
                0x000000000805e20c                fun_mmcharheight
 .text.DrawPixel
                0x000000000805e260       0x18 ./Src/Draw.o
                0x000000000805e260                DrawPixel
 .text.ClearScreen
                0x000000000805e278       0x40 ./Src/Draw.o
                0x000000000805e278                ClearScreen
 .text.cmd_cls  0x000000000805e2b8       0x54 ./Src/Draw.o
                0x000000000805e2b8                cmd_cls
 .text.DrawLine
                0x000000000805e30c       0xd8 ./Src/Draw.o
                0x000000000805e30c                DrawLine
 .text.cmd_line
                0x000000000805e3e4      0x334 ./Src/Draw.o
                0x000000000805e3e4                cmd_line
 .text.DrawBuffered
                0x000000000805e718      0x178 ./Src/Draw.o
                0x000000000805e718                DrawBuffered
 .text.bezier   0x000000000805e890      0x104 ./Src/Draw.o
                0x000000000805e890                bezier
 .text.cmd_bezier
                0x000000000805e994      0x144 ./Src/Draw.o
                0x000000000805e994                cmd_bezier
 .text.fill_end_fill
                0x000000000805ead8      0x214 ./Src/Draw.o
 .text.DrawBox  0x000000000805ecec       0xe8 ./Src/Draw.o
                0x000000000805ecec                DrawBox
 .text.cmd_box  0x000000000805edd4      0x494 ./Src/Draw.o
                0x000000000805edd4                cmd_box
 .text.DrawRBox
                0x000000000805f268      0x28c ./Src/Draw.o
                0x000000000805f268                DrawRBox
 .text.cmd_rbox
                0x000000000805f4f4      0x494 ./Src/Draw.o
                0x000000000805f4f4                cmd_rbox
 .text.hline    0x000000000805f988      0x104 ./Src/Draw.o
                0x000000000805f988                hline
 *fill*         0x000000000805fa8c        0x4 
 .text.DrawFilledCircle
                0x000000000805fa90      0x134 ./Src/Draw.o
                0x000000000805fa90                DrawFilledCircle
 *fill*         0x000000000805fbc4        0x4 
 .text.DrawCircle
                0x000000000805fbc8      0x4d4 ./Src/Draw.o
                0x000000000805fbc8                DrawCircle
 .text.cmd_circle
                0x000000000806009c      0x4f0 ./Src/Draw.o
                0x000000000806009c                cmd_circle
 .text.ClearTriangle
                0x000000000806058c      0x14c ./Src/Draw.o
                0x000000000806058c                ClearTriangle
 .text.cmd_arc  0x00000000080606d8      0x3ec ./Src/Draw.o
                0x00000000080606d8                cmd_arc
 .text.DrawTriangle
                0x0000000008060ac4      0x284 ./Src/Draw.o
                0x0000000008060ac4                DrawTriangle
 .text.cmd_triangle
                0x0000000008060d48      0x3e4 ./Src/Draw.o
                0x0000000008060d48                cmd_triangle
 *fill*         0x000000000806112c        0x4 
 .text.cmd_polygon
                0x0000000008061130      0xf70 ./Src/Draw.o
                0x0000000008061130                cmd_polygon
 .text.GUIPrintChar
                0x00000000080620a0      0x670 ./Src/Draw.o
                0x00000000080620a0                GUIPrintChar
 .text.GUIPrintString
                0x0000000008062710      0x394 ./Src/Draw.o
                0x0000000008062710                GUIPrintString
 .text.cmd_text
                0x0000000008062aa4      0x1d0 ./Src/Draw.o
                0x0000000008062aa4                cmd_text
 *fill*         0x0000000008062c74        0x4 
 .text.cmd_guiMX170
                0x0000000008062c78      0x854 ./Src/Draw.o
                0x0000000008062c78                cmd_guiMX170
 .text.DrawRectangleUser
                0x00000000080634cc      0x124 ./Src/Draw.o
                0x00000000080634cc                DrawRectangleUser
 .text.DrawBitmapUser
                0x00000000080635f0      0x170 ./Src/Draw.o
                0x00000000080635f0                DrawBitmapUser
 .text.GetFontHeight
                0x0000000008063760       0x1c ./Src/Draw.o
                0x0000000008063760                GetFontHeight
 .text.SetFont  0x000000000806377c       0x74 ./Src/Draw.o
                0x000000000806377c                SetFont
 .text.cmd_font
                0x00000000080637f0       0xd8 ./Src/Draw.o
                0x00000000080637f0                cmd_font
 .text.ResetDisplay
                0x00000000080638c8       0x3c ./Src/Draw.o
                0x00000000080638c8                ResetDisplay
 .text.MX470Display.part.0
                0x0000000008063904      0x144 ./Src/Editor.o
 .text.EditCompStr
                0x0000000008063a48       0x70 ./Src/Editor.o
                0x0000000008063a48                EditCompStr
 .text.SetColour
                0x0000000008063ab8      0x35c ./Src/Editor.o
                0x0000000008063ab8                SetColour
 .text.printLine
                0x0000000008063e14      0x160 ./Src/Editor.o
                0x0000000008063e14                printLine
 .text.SCursor  0x0000000008063f74       0x94 ./Src/Editor.o
                0x0000000008063f74                SCursor
 .text.printScreen
                0x0000000008064008       0x88 ./Src/Editor.o
                0x0000000008064008                printScreen
 .text.PositionCursor
                0x0000000008064090       0x74 ./Src/Editor.o
                0x0000000008064090                PositionCursor
 .text.PrintFunctKeys
                0x0000000008064104      0x134 ./Src/Editor.o
                0x0000000008064104                PrintFunctKeys
 .text.PrintStatus
                0x0000000008064238      0x180 ./Src/Editor.o
                0x0000000008064238                PrintStatus
 .text.editDisplayMsg
                0x00000000080643b8       0xdc ./Src/Editor.o
                0x00000000080643b8                editDisplayMsg
 .text.editInsertChar
                0x0000000008064494       0x64 ./Src/Editor.o
                0x0000000008064494                editInsertChar
 .text.MarkMode
                0x00000000080644f8      0x6b0 ./Src/Editor.o
                0x00000000080644f8                MarkMode
 .text.SaveToProgMemory
                0x0000000008064ba8       0x7c ./Src/Editor.o
                0x0000000008064ba8                SaveToProgMemory
 .text.GetInputString
                0x0000000008064c24      0x190 ./Src/Editor.o
                0x0000000008064c24                GetInputString
 .text.Scroll   0x0000000008064db4       0xac ./Src/Editor.o
                0x0000000008064db4                Scroll
 .text.ScrollDown
                0x0000000008064e60       0x7c ./Src/Editor.o
                0x0000000008064e60                ScrollDown
 .text.FullScreenEditor
                0x0000000008064edc      0xdc4 ./Src/Editor.o
                0x0000000008064edc                FullScreenEditor
 .text.cmd_edit
                0x0000000008065ca0      0x224 ./Src/Editor.o
                0x0000000008065ca0                cmd_edit
 .text.MX_TIM17_Init
                0x0000000008065ec4       0x58 ./Src/External.o
 .text.ADC_init
                0x0000000008065f1c      0x3d0 ./Src/External.o
                0x0000000008065f1c                ADC_init
 .text.PinSetBit
                0x00000000080662ec      0x188 ./Src/External.o
                0x00000000080662ec                PinSetBit
 .text.PinRead  0x0000000008066474       0x24 ./Src/External.o
                0x0000000008066474                PinRead
 .text.WriteCoreTimer
                0x0000000008066498        0xc ./Src/External.o
                0x0000000008066498                WriteCoreTimer
 .text.ReadCoreTimer
                0x00000000080664a4        0xc ./Src/External.o
                0x00000000080664a4                ReadCoreTimer
 .text.readusclock
                0x00000000080664b0       0x18 ./Src/External.o
                0x00000000080664b0                readusclock
 .text.ReadCount5
                0x00000000080664c8        0xc ./Src/External.o
                0x00000000080664c8                ReadCount5
 .text.WriteCount5
                0x00000000080664d4        0xc ./Src/External.o
                0x00000000080664d4                WriteCount5
 .text.fun_port
                0x00000000080664e0      0x124 ./Src/External.o
                0x00000000080664e0                fun_port
 *fill*         0x0000000008066604        0x4 
 .text.cmd_pulse
                0x0000000008066608      0x18c ./Src/External.o
                0x0000000008066608                cmd_pulse
 .text.fun_pulsin
                0x0000000008066794      0x19c ./Src/External.o
                0x0000000008066794                fun_pulsin
 .text.IrReset  0x0000000008066930       0x28 ./Src/External.o
                0x0000000008066930                IrReset
 .text.IRSendSignal
                0x0000000008066958       0x30 ./Src/External.o
                0x0000000008066958                IRSendSignal
 .text.LCD_Nibble
                0x0000000008066988       0xbc ./Src/External.o
                0x0000000008066988                LCD_Nibble
 .text.LCD_Byte
                0x0000000008066a44       0x28 ./Src/External.o
                0x0000000008066a44                LCD_Byte
 *fill*         0x0000000008066a6c        0x4 
 .text.FloatToUint16
                0x0000000008066a70       0x74 ./Src/External.o
                0x0000000008066a70                FloatToUint16
 .text.WS2812   0x0000000008066ae4      0x3e4 ./Src/External.o
                0x0000000008066ae4                WS2812
 .text.KeypadCheck
                0x0000000008066ec8      0x11c ./Src/External.o
                0x0000000008066ec8                KeypadCheck
 .text.ExtSet   0x0000000008066fe4       0xa4 ./Src/External.o
                0x0000000008066fe4                ExtSet
 .text.cmd_port
                0x0000000008067088      0x150 ./Src/External.o
                0x0000000008067088                cmd_port
 .text.cmd_pin  0x00000000080671d8       0xec ./Src/External.o
                0x00000000080671d8                cmd_pin
 .text.ExtInp   0x00000000080672c4      0x104 ./Src/External.o
                0x00000000080672c4                ExtInp
 .text.fun_pin  0x00000000080673c8      0x7dc ./Src/External.o
                0x00000000080673c8                fun_pin
 .text.TM_EXTI_Handler_1
                0x0000000008067ba4       0x5c ./Src/External.o
                0x0000000008067ba4                TM_EXTI_Handler_1
 .text.TM_EXTI_Handler_2
                0x0000000008067c00       0x5c ./Src/External.o
                0x0000000008067c00                TM_EXTI_Handler_2
 .text.TM_EXTI_Handler_3
                0x0000000008067c5c       0x4c ./Src/External.o
                0x0000000008067c5c                TM_EXTI_Handler_3
 .text.TM_EXTI_Handler_4
                0x0000000008067ca8       0x4c ./Src/External.o
                0x0000000008067ca8                TM_EXTI_Handler_4
 .text.TM_EXTI_Handler_5
                0x0000000008067cf4      0x174 ./Src/External.o
                0x0000000008067cf4                TM_EXTI_Handler_5
 .text.HAL_GPIO_EXTI_Callback
                0x0000000008067e68       0x2c ./Src/External.o
                0x0000000008067e68                HAL_GPIO_EXTI_Callback
 .text.IsInvalidPin
                0x0000000008067e94       0x24 ./Src/External.o
                0x0000000008067e94                IsInvalidPin
 .text.CheckPin
                0x0000000008067eb8       0xa0 ./Src/External.o
                0x0000000008067eb8                CheckPin
 .text.ExtCfg   0x0000000008067f58      0x408 ./Src/External.o
                0x0000000008067f58                ExtCfg
 .text.KeypadClose.part.0
                0x0000000008068360       0x34 ./Src/External.o
 .text.cmd_keypad
                0x0000000008068394      0x1bc ./Src/External.o
                0x0000000008068394                cmd_keypad
 .text.fun_distance
                0x0000000008068550      0x1d8 ./Src/External.o
                0x0000000008068550                fun_distance
 .text.DHT22    0x0000000008068728      0x308 ./Src/External.o
                0x0000000008068728                DHT22
 .text.cmd_bitbang
                0x0000000008068a30      0x28c ./Src/External.o
                0x0000000008068a30                cmd_bitbang
 .text.cmd_lcd  0x0000000008068cbc      0x3a0 ./Src/External.o
                0x0000000008068cbc                cmd_lcd
 .text.IrInit   0x000000000806905c       0x94 ./Src/External.o
                0x000000000806905c                IrInit
 .text.cmd_ir   0x00000000080690f0      0x208 ./Src/External.o
                0x00000000080690f0                cmd_ir
 .text.initExtIO
                0x00000000080692f8      0x134 ./Src/External.o
                0x00000000080692f8                initExtIO
 .text.ClearExternalIO
                0x000000000806942c      0x100 ./Src/External.o
                0x000000000806942c                ClearExternalIO
 .text.cmd_setpin
                0x000000000806952c      0x388 ./Src/External.o
                0x000000000806952c                cmd_setpin
 .text.pjpeg_need_bytes_callback
                0x00000000080698b4       0x4c ./Src/FileIO.o
                0x00000000080698b4                pjpeg_need_bytes_callback
 .text.ForceFileClose.part.0
                0x0000000008069900       0x58 ./Src/FileIO.o
 .text.ConfigSDCard
                0x0000000008069958       0xb4 ./Src/FileIO.o
                0x0000000008069958                ConfigSDCard
 .text.InitFileIO
                0x0000000008069a0c       0x7c ./Src/FileIO.o
                0x0000000008069a0c                InitFileIO
 .text.strcicmp
                0x0000000008069a88       0x40 ./Src/FileIO.o
                0x0000000008069a88                strcicmp
 .text.resolve_path
                0x0000000008069ac8       0xa4 ./Src/FileIO.o
                0x0000000008069ac8                resolve_path
 .text.ErrorThrow
                0x0000000008069b6c       0x40 ./Src/FileIO.o
                0x0000000008069b6c                ErrorThrow
 .text.ErrorCheck
                0x0000000008069bac       0x34 ./Src/FileIO.o
                0x0000000008069bac                ErrorCheck
 .text.FileClose
                0x0000000008069be0       0x18 ./Src/FileIO.o
                0x0000000008069be0                FileClose
 .text.ForceFileClose
                0x0000000008069bf8        0x8 ./Src/FileIO.o
                0x0000000008069bf8                ForceFileClose
 .text.InitSDCard
                0x0000000008069c00       0xac ./Src/FileIO.o
                0x0000000008069c00                InitSDCard
 .text.GetCWD   0x0000000008069cac       0x48 ./Src/FileIO.o
                0x0000000008069cac                GetCWD
 .text.fullpath
                0x0000000008069cf4      0x138 ./Src/FileIO.o
                0x0000000008069cf4                fullpath
 .text.fun_cwd  0x0000000008069e2c       0x20 ./Src/FileIO.o
                0x0000000008069e2c                fun_cwd
 .text.FileEOF  0x0000000008069e4c       0x4c ./Src/FileIO.o
                0x0000000008069e4c                FileEOF
 .text.FilePutChar
                0x0000000008069e98       0x54 ./Src/FileIO.o
                0x0000000008069e98                FilePutChar
 .text.FilePutStr
                0x0000000008069eec       0x38 ./Src/FileIO.o
                0x0000000008069eec                FilePutStr
 .text.FileGetChar
                0x0000000008069f24       0xb8 ./Src/FileIO.o
                0x0000000008069f24                FileGetChar
 .text.BasicFileOpen
                0x0000000008069fdc      0x110 ./Src/FileIO.o